Archive member included to satisfy reference by file (symbol)

c:/st/stm32cubeide_1.6.1/stm32cubeide/plugins/com.st.stm32cube.ide.mcu.externaltools.gnu-tools-for-stm32.10.3-2021.10.win32_1.0.200.202301161003/tools/bin/../lib/gcc/arm-none-eabi/10.3.1/../../../../arm-none-eabi/lib/thumb/v7e-m+fp/hard\libc_nano.a(lib_a-errno.o)
                              ./Core/Src/syscalls.o (__errno)
c:/st/stm32cubeide_1.6.1/stm32cubeide/plugins/com.st.stm32cube.ide.mcu.externaltools.gnu-tools-for-stm32.10.3-2021.10.win32_1.0.200.202301161003/tools/bin/../lib/gcc/arm-none-eabi/10.3.1/../../../../arm-none-eabi/lib/thumb/v7e-m+fp/hard\libc_nano.a(lib_a-exit.o)
                              c:/st/stm32cubeide_1.6.1/stm32cubeide/plugins/com.st.stm32cube.ide.mcu.externaltools.gnu-tools-for-stm32.10.3-2021.10.win32_1.0.200.202301161003/tools/bin/../lib/gcc/arm-none-eabi/10.3.1/../../../../arm-none-eabi/lib/thumb/v7e-m+fp/hard/crt0.o (exit)
c:/st/stm32cubeide_1.6.1/stm32cubeide/plugins/com.st.stm32cube.ide.mcu.externaltools.gnu-tools-for-stm32.10.3-2021.10.win32_1.0.200.202301161003/tools/bin/../lib/gcc/arm-none-eabi/10.3.1/../../../../arm-none-eabi/lib/thumb/v7e-m+fp/hard\libc_nano.a(lib_a-impure.o)
                              c:/st/stm32cubeide_1.6.1/stm32cubeide/plugins/com.st.stm32cube.ide.mcu.externaltools.gnu-tools-for-stm32.10.3-2021.10.win32_1.0.200.202301161003/tools/bin/../lib/gcc/arm-none-eabi/10.3.1/../../../../arm-none-eabi/lib/thumb/v7e-m+fp/hard\libc_nano.a(lib_a-exit.o) (_global_impure_ptr)
c:/st/stm32cubeide_1.6.1/stm32cubeide/plugins/com.st.stm32cube.ide.mcu.externaltools.gnu-tools-for-stm32.10.3-2021.10.win32_1.0.200.202301161003/tools/bin/../lib/gcc/arm-none-eabi/10.3.1/../../../../arm-none-eabi/lib/thumb/v7e-m+fp/hard\libc_nano.a(lib_a-init.o)
                              c:/st/stm32cubeide_1.6.1/stm32cubeide/plugins/com.st.stm32cube.ide.mcu.externaltools.gnu-tools-for-stm32.10.3-2021.10.win32_1.0.200.202301161003/tools/bin/../lib/gcc/arm-none-eabi/10.3.1/../../../../arm-none-eabi/lib/thumb/v7e-m+fp/hard/crt0.o (__libc_init_array)
c:/st/stm32cubeide_1.6.1/stm32cubeide/plugins/com.st.stm32cube.ide.mcu.externaltools.gnu-tools-for-stm32.10.3-2021.10.win32_1.0.200.202301161003/tools/bin/../lib/gcc/arm-none-eabi/10.3.1/../../../../arm-none-eabi/lib/thumb/v7e-m+fp/hard\libc_nano.a(lib_a-memset.o)
                              c:/st/stm32cubeide_1.6.1/stm32cubeide/plugins/com.st.stm32cube.ide.mcu.externaltools.gnu-tools-for-stm32.10.3-2021.10.win32_1.0.200.202301161003/tools/bin/../lib/gcc/arm-none-eabi/10.3.1/../../../../arm-none-eabi/lib/thumb/v7e-m+fp/hard/crt0.o (memset)
c:/st/stm32cubeide_1.6.1/stm32cubeide/plugins/com.st.stm32cube.ide.mcu.externaltools.gnu-tools-for-stm32.10.3-2021.10.win32_1.0.200.202301161003/tools/bin/../lib/gcc/arm-none-eabi/10.3.1/thumb/v7e-m+fp/hard\libgcc.a(_arm_muldf3.o)
                              ./User_modules/ATH10/I2C_ATH10.o (__aeabi_dmul)
c:/st/stm32cubeide_1.6.1/stm32cubeide/plugins/com.st.stm32cube.ide.mcu.externaltools.gnu-tools-for-stm32.10.3-2021.10.win32_1.0.200.202301161003/tools/bin/../lib/gcc/arm-none-eabi/10.3.1/thumb/v7e-m+fp/hard\libgcc.a(_arm_addsubdf3.o)
                              ./User_modules/ATH10/I2C_ATH10.o (__aeabi_dsub)
c:/st/stm32cubeide_1.6.1/stm32cubeide/plugins/com.st.stm32cube.ide.mcu.externaltools.gnu-tools-for-stm32.10.3-2021.10.win32_1.0.200.202301161003/tools/bin/../lib/gcc/arm-none-eabi/10.3.1/thumb/v7e-m+fp/hard\libgcc.a(_arm_muldivdf3.o)
                              ./User_modules/ATH10/I2C_ATH10.o (__aeabi_ddiv)
c:/st/stm32cubeide_1.6.1/stm32cubeide/plugins/com.st.stm32cube.ide.mcu.externaltools.gnu-tools-for-stm32.10.3-2021.10.win32_1.0.200.202301161003/tools/bin/../lib/gcc/arm-none-eabi/10.3.1/thumb/v7e-m+fp/hard\libgcc.a(_arm_truncdfsf2.o)
                              ./User_modules/ATH10/I2C_ATH10.o (__aeabi_d2f)
c:/st/stm32cubeide_1.6.1/stm32cubeide/plugins/com.st.stm32cube.ide.mcu.externaltools.gnu-tools-for-stm32.10.3-2021.10.win32_1.0.200.202301161003/tools/bin/../lib/gcc/arm-none-eabi/10.3.1/thumb/v7e-m+fp/hard\libgcc.a(_aeabi_uldivmod.o)
                              ./Drivers/STM32F4xx_HAL_Driver/Src/stm32f4xx_hal_rcc.o (__aeabi_uldivmod)
c:/st/stm32cubeide_1.6.1/stm32cubeide/plugins/com.st.stm32cube.ide.mcu.externaltools.gnu-tools-for-stm32.10.3-2021.10.win32_1.0.200.202301161003/tools/bin/../lib/gcc/arm-none-eabi/10.3.1/thumb/v7e-m+fp/hard\libgcc.a(_udivmoddi4.o)
                              c:/st/stm32cubeide_1.6.1/stm32cubeide/plugins/com.st.stm32cube.ide.mcu.externaltools.gnu-tools-for-stm32.10.3-2021.10.win32_1.0.200.202301161003/tools/bin/../lib/gcc/arm-none-eabi/10.3.1/thumb/v7e-m+fp/hard\libgcc.a(_aeabi_uldivmod.o) (__udivmoddi4)
c:/st/stm32cubeide_1.6.1/stm32cubeide/plugins/com.st.stm32cube.ide.mcu.externaltools.gnu-tools-for-stm32.10.3-2021.10.win32_1.0.200.202301161003/tools/bin/../lib/gcc/arm-none-eabi/10.3.1/thumb/v7e-m+fp/hard\libgcc.a(_dvmd_tls.o)
[...]
Memory Configuration

Name             Origin             Length             Attributes
RAM              0x0000000020000000 0x0000000000020000 xrw
FLASH            0x0000000008000000 0x0000000000080000 xr
*default*        0x0000000000000000 0xffffffffffffffff

Linker script and memory map

LOAD c:/st/stm32cubeide_1.6.1/stm32cubeide/plugins/com.st.stm32cube.ide.mcu.externaltools.gnu-tools-for-stm32.10.3-2021.10.win32_1.0.200.202301161003/tools/bin/../lib/gcc/arm-none-eabi/10.3.1/thumb/v7e-m+fp/hard/crti.o
LOAD c:/st/stm32cubeide_1.6.1/stm32cubeide/plugins/com.st.stm32cube.ide.mcu.externaltools.gnu-tools-for-stm32.10.3-2021.10.win32_1.0.200.202301161003/tools/bin/../lib/gcc/arm-none-eabi/10.3.1/thumb/v7e-m+fp/hard/crtbegin.o
LOAD c:/st/stm32cubeide_1.6.1/stm32cubeide/plugins/com.st.stm32cube.ide.mcu.externaltools.gnu-tools-for-stm32.10.3-2021.10.win32_1.0.200.202301161003/tools/bin/../lib/gcc/arm-none-eabi/10.3.1/../../../../arm-none-eabi/lib/thumb/v7e-m+fp/hard/crt0.o
LOAD ./Core/Src/main.o
LOAD ./Core/Src/stm32f4xx_hal_msp.o
LOAD ./Core/Src/stm32f4xx_it.o
LOAD ./Core/Src/syscalls.o
LOAD ./Core/Src/sysmem.o
LOAD ./Core/Src/system_stm32f4xx.o
LOAD ./Core/Startup/startup_stm32f411ceux.o
LOAD ./Drivers/STM32F4xx_HAL_Driver/Src/stm32f4xx_hal.o
LOAD ./Drivers/STM32F4xx_HAL_Driver/Src/stm32f4xx_hal_cortex.o
LOAD ./Drivers/STM32F4xx_HAL_Driver/Src/stm32f4xx_hal_dma.o
LOAD ./Drivers/STM32F4xx_HAL_Driver/Src/stm32f4xx_hal_dma_ex.o
LOAD ./Drivers/STM32F4xx_HAL_Driver/Src/stm32f4xx_hal_exti.o
LOAD ./Drivers/STM32F4xx_HAL_Driver/Src/stm32f4xx_hal_flash.o
LOAD ./Drivers/STM32F4xx_HAL_Driver/Src/stm32f4xx_hal_flash_ex.o
LOAD ./Drivers/STM32F4xx_HAL_Driver/Src/stm32f4xx_hal_flash_ramfunc.o
LOAD ./Drivers/STM32F4xx_HAL_Driver/Src/stm32f4xx_hal_gpio.o
LOAD ./Drivers/STM32F4xx_HAL_Driver/Src/stm32f4xx_hal_i2c.o
LOAD ./Drivers/STM32F4xx_HAL_Driver/Src/stm32f4xx_hal_i2c_ex.o
LOAD ./Drivers/STM32F4xx_HAL_Driver/Src/stm32f4xx_hal_pwr.o
LOAD ./Drivers/STM32F4xx_HAL_Driver/Src/stm32f4xx_hal_pwr_ex.o
LOAD ./Drivers/STM32F4xx_HAL_Driver/Src/stm32f4xx_hal_rcc.o
LOAD ./Drivers/STM32F4xx_HAL_Driver/Src/stm32f4xx_hal_rcc_ex.o
LOAD ./Drivers/STM32F4xx_HAL_Driver/Src/stm32f4xx_hal_spi.o
LOAD ./Drivers/STM32F4xx_HAL_Driver/Src/stm32f4xx_hal_tim.o
LOAD ./Drivers/STM32F4xx_HAL_Driver/Src/stm32f4xx_hal_tim_ex.o
LOAD ./User_modules/ATH10/I2C_ATH10.o
LOAD ./User_modules/CRC7/crc7_soft.o
LOAD ./User_modules/Files_manager/Files_mng.o
LOAD ./User_modules/I2C_conf_base/I2C_base.o
LOAD ./User_modules/Imag_arr_save/Save_Img.o
LOAD ./User_modules/SD_Base_SPI/SD_Base_SPI.o
LOAD ./User_modules/SPI_BASE/SPI_BASE.o
LOAD ./User_modules/SSD1306_lcd/I2C_LCD.o
LOAD ./User_modules/ST7789V2_LCD/LCD_ST7.o
LOAD ./User_modules/fonts_use/font_lcd.o
LOAD ./User_modules/run_time/Roun_time.o
LOAD ./User_modules/util_funct/util.o
START GROUP
LOAD c:/st/stm32cubeide_1.6.1/stm32cubeide/plugins/com.st.stm32cube.ide.mcu.externaltools.gnu-tools-for-stm32.10.3-2021.10.win32_1.0.200.202301161003/tools/bin/../lib/gcc/arm-none-eabi/10.3.1/../../../../arm-none-eabi/lib/thumb/v7e-m+fp/hard\libc_nano.a
LOAD c:/st/stm32cubeide_1.6.1/stm32cubeide/plugins/com.st.stm32cube.ide.mcu.externaltools.gnu-tools-for-stm32.10.3-2021.10.win32_1.0.200.202301161003/tools/bin/../lib/gcc/arm-none-eabi/10.3.1/../../../../arm-none-eabi/lib/thumb/v7e-m+fp/hard\libm.a
END GROUP
START GROUP
LOAD c:/st/stm32cubeide_1.6.1/stm32cubeide/plugins/com.st.stm32cube.ide.mcu.externaltools.gnu-tools-for-stm32.10.3-2021.10.win32_1.0.200.202301161003/tools/bin/../lib/gcc/arm-none-eabi/10.3.1/thumb/v7e-m+fp/hard\libgcc.a
LOAD c:/st/stm32cubeide_1.6.1/stm32cubeide/plugins/com.st.stm32cube.ide.mcu.externaltools.gnu-tools-for-stm32.10.3-2021.10.win32_1.0.200.202301161003/tools/bin/../lib/gcc/arm-none-eabi/10.3.1/../../../../arm-none-eabi/lib/thumb/v7e-m+fp/hard\libc_nano.a
END GROUP
START GROUP
LOAD c:/st/stm32cubeide_1.6.1/stm32cubeide/plugins/com.st.stm32cube.ide.mcu.externaltools.gnu-tools-for-stm32.10.3-2021.10.win32_1.0.200.202301161003/tools/bin/../lib/gcc/arm-none-eabi/10.3.1/thumb/v7e-m+fp/hard\libgcc.a
LOAD c:/st/stm32cubeide_1.6.1/stm32cubeide/plugins/com.st.stm32cube.ide.mcu.externaltools.gnu-tools-for-stm32.10.3-2021.10.win32_1.0.200.202301161003/tools/bin/../lib/gcc/arm-none-eabi/10.3.1/../../../../arm-none-eabi/lib/thumb/v7e-m+fp/hard\libc_nano.a
LOAD c:/st/stm32cubeide_1.6.1/stm32cubeide/plugins/com.st.stm32cube.ide.mcu.externaltools.gnu-tools-for-stm32.10.3-2021.10.win32_1.0.200.202301161003/tools/bin/../lib/gcc/arm-none-eabi/10.3.1/../../../../arm-none-eabi/lib/thumb/v7e-m+fp/hard\libnosys.a
END GROUP
START GROUP
LOAD c:/st/stm32cubeide_1.6.1/stm32cubeide/plugins/com.st.stm32cube.ide.mcu.externaltools.gnu-tools-for-stm32.10.3-2021.10.win32_1.0.200.202301161003/tools/bin/../lib/gcc/arm-none-eabi/10.3.1/thumb/v7e-m+fp/hard\libgcc.a
LOAD c:/st/stm32cubeide_1.6.1/stm32cubeide/plugins/com.st.stm32cube.ide.mcu.externaltools.gnu-tools-for-stm32.10.3-2021.10.win32_1.0.200.202301161003/tools/bin/../lib/gcc/arm-none-eabi/10.3.1/../../../../arm-none-eabi/lib/thumb/v7e-m+fp/hard\libc_nano.a
LOAD c:/st/stm32cubeide_1.6.1/stm32cubeide/plugins/com.st.stm32cube.ide.mcu.externaltools.gnu-tools-for-stm32.10.3-2021.10.win32_1.0.200.202301161003/tools/bin/../lib/gcc/arm-none-eabi/10.3.1/../../../../arm-none-eabi/lib/thumb/v7e-m+fp/hard\libnosys.a
END GROUP
LOAD c:/st/stm32cubeide_1.6.1/stm32cubeide/plugins/com.st.stm32cube.ide.mcu.externaltools.gnu-tools-for-stm32.10.3-2021.10.win32_1.0.200.202301161003/tools/bin/../lib/gcc/arm-none-eabi/10.3.1/thumb/v7e-m+fp/hard/crtend.o
LOAD c:/st/stm32cubeide_1.6.1/stm32cubeide/plugins/com.st.stm32cube.ide.mcu.externaltools.gnu-tools-for-stm32.10.3-2021.10.win32_1.0.200.202301161003/tools/bin/../lib/gcc/arm-none-eabi/10.3.1/thumb/v7e-m+fp/hard/crtn.o
                0x0000000020020000                _estack = (ORIGIN (RAM) + LENGTH (RAM))
                0x0000000000000200                _Min_Heap_Size = 0x200
                0x0000000000000400                _Min_Stack_Size = 0x400

.isr_vector     0x0000000008000000      0x198
                0x0000000008000000                . = ALIGN (0x4)
 *(.isr_vector)
 .isr_vector    0x0000000008000000      0x198 ./Core/Startup/startup_stm32f411ceux.o
                0x0000000008000000                g_pfnVectors
                0x0000000008000198                . = ALIGN (0x4)

.text           0x0000000008000198     0x5914
                0x0000000008000198                . = ALIGN (0x4)
 *(.text)
 .text          0x0000000008000198       0x40 c:/st/stm32cubeide_1.6.1/stm32cubeide/plugins/com.st.stm32cube.ide.mcu.externaltools.gnu-tools-for-stm32.10.3-2021.10.win32_1.0.200.202301161003/tools/bin/../lib/gcc/arm-none-eabi/10.3.1/thumb/v7e-m+fp/hard/crtbegin.o
 .text          0x00000000080001d8      0x378 c:/st/stm32cubeide_1.6.1/stm32cubeide/plugins/com.st.stm32cube.ide.mcu.externaltools.gnu-tools-for-stm32.10.3-2021.10.win32_1.0.200.202301161003/tools/bin/../lib/gcc/arm-none-eabi/10.3.1/thumb/v7e-m+fp/hard\libgcc.a(_arm_addsubdf3.o)
                0x00000000080001d8                __aeabi_drsub
                0x00000000080001e0                __aeabi_dsub
                0x00000000080001e0                __subdf3
                0x00000000080001e4                __aeabi_dadd
                0x00000000080001e4                __adddf3
                0x000000000800045c                __floatunsidf
                0x000000000800045c                __aeabi_ui2d
                0x000000000800047c                __floatsidf
                0x000000000800047c                __aeabi_i2d
                0x00000000080004a0                __aeabi_f2d
                0x00000000080004a0                __extendsfdf2
                0x00000000080004e4                __floatundidf
                0x00000000080004e4                __aeabi_ul2d
                0x00000000080004f4                __floatdidf
                0x00000000080004f4                __aeabi_l2d
 .text          0x0000000008000550      0x424 c:/st/stm32cubeide_1.6.1/stm32cubeide/plugins/com.st.stm32cube.ide.mcu.externaltools.gnu-tools-for-stm32.10.3-2021.10.win32_1.0.200.202301161003/tools/bin/../lib/gcc/arm-none-eabi/10.3.1/thumb/v7e-m+fp/hard\libgcc.a(_arm_muldivdf3.o)
                0x0000000008000550                __aeabi_dmul
                0x0000000008000550                __muldf3
                0x00000000080007a4                __divdf3
                0x00000000080007a4                __aeabi_ddiv
 .text          0x0000000008000974       0xa0 c:/st/stm32cubeide_1.6.1/stm32cubeide/plugins/com.st.stm32cube.ide.mcu.externaltools.gnu-tools-for-stm32.10.3-2021.10.win32_1.0.200.202301161003/tools/bin/../lib/gcc/arm-none-eabi/10.3.1/thumb/v7e-m+fp/hard\libgcc.a(_arm_truncdfsf2.o)
                0x0000000008000974                __truncdfsf2
                0x0000000008000974                __aeabi_d2f
 .text          0x0000000008000a14       0x30 c:/st/stm32cubeide_1.6.1/stm32cubeide/plugins/com.st.stm32cube.ide.mcu.externaltools.gnu-tools-for-stm32.10.3-2021.10.win32_1.0.200.202301161003/tools/bin/../lib/gcc/arm-none-eabi/10.3.1/thumb/v7e-m+fp/hard\libgcc.a(_aeabi_uldivmod.o)
                0x0000000008000a14                __aeabi_uldivmod
 .text          0x0000000008000a44      0x2d0 c:/st/stm32cubeide_1.6.1/stm32cubeide/plugins/com.st.stm32cube.ide.mcu.externaltools.gnu-tools-for-stm32.10.3-2021.10.win32_1.0.200.202301161003/tools/bin/../lib/gcc/arm-none-eabi/10.3.1/thumb/v7e-m+fp/hard\libgcc.a(_udivmoddi4.o)
                0x0000000008000a44                __udivmoddi4
 .text          0x0000000008000d14        0x4 c:/st/stm32cubeide_1.6.1/stm32cubeide/plugins/com.st.stm32cube.ide.mcu.externaltools.gnu-tools-for-stm32.10.3-2021.10.win32_1.0.200.202301161003/tools/bin/../lib/gcc/arm-none-eabi/10.3.1/thumb/v7e-m+fp/hard\libgcc.a(_dvmd_tls.o)
                0x0000000008000d14                __aeabi_idiv0
                0x0000000008000d14                __aeabi_ldiv0
 *(.text*)
 .text.main     0x0000000008000d18       0xdc ./Core/Src/main.o
                0x0000000008000d18                main
 .text.SystemClock_Config
                0x0000000008000df4       0xd0 ./Core/Src/main.o
                0x0000000008000df4                SystemClock_Config
 .text.MX_I2C2_Init
                0x0000000008000ec4       0x5c ./Core/Src/main.o
 .text.MX_SPI2_Init
                0x0000000008000f20       0x6c ./Core/Src/main.o
 .text.MX_SPI3_Init
                0x0000000008000f8c       0x6c ./Core/Src/main.o
 .text.MX_GPIO_Init
                0x0000000008000ff8      0x138 ./Core/Src/main.o
 .text.configure_SPI_LCD
                0x0000000008001130       0x60 ./Core/Src/main.o
 .text.configure_IF_Pixel_frmt
                0x0000000008001190       0x28 ./Core/Src/main.o
 .text.Set_flag_interrupt
                0x00000000080011b8       0x20 ./Core/Src/main.o
                0x00000000080011b8                Set_flag_interrupt
 .text.Error_Handler
                0x00000000080011d8        0xa ./Core/Src/main.o
                0x00000000080011d8                Error_Handler
 *fill*         0x00000000080011e2        0x2 
 .text.HAL_MspInit
                0x00000000080011e4       0x50 ./Core/Src/stm32f4xx_hal_msp.o
                0x00000000080011e4                HAL_MspInit
 .text.HAL_I2C_MspInit
                0x0000000008001234       0xb0 ./Core/Src/stm32f4xx_hal_msp.o
                0x0000000008001234                HAL_I2C_MspInit
 .text.HAL_SPI_MspInit
                0x00000000080012e4      0x11c ./Core/Src/stm32f4xx_hal_msp.o
                0x00000000080012e4                HAL_SPI_MspInit
 .text.NMI_Handler
                0x0000000008001400        0x6 ./Core/Src/stm32f4xx_it.o
                0x0000000008001400                NMI_Handler
 .text.HardFault_Handler
                0x0000000008001406        0x6 ./Core/Src/stm32f4xx_it.o
                0x0000000008001406                HardFault_Handler
 .text.MemManage_Handler
                0x000000000800140c        0x6 ./Core/Src/stm32f4xx_it.o
                0x000000000800140c                MemManage_Handler
 .text.BusFault_Handler
                0x0000000008001412        0x6 ./Core/Src/stm32f4xx_it.o
                0x0000000008001412                BusFault_Handler
 .text.UsageFault_Handler
                0x0000000008001418        0x6 ./Core/Src/stm32f4xx_it.o
                0x0000000008001418                UsageFault_Handler
 .text.SVC_Handler
                0x000000000800141e        0xe ./Core/Src/stm32f4xx_it.o
                0x000000000800141e                SVC_Handler
 .text.DebugMon_Handler
                0x000000000800142c        0xe ./Core/Src/stm32f4xx_it.o
                0x000000000800142c                DebugMon_Handler
 .text.PendSV_Handler
                0x000000000800143a        0xe ./Core/Src/stm32f4xx_it.o
                0x000000000800143a                PendSV_Handler
 .text.SysTick_Handler
                0x0000000008001448        0xc ./Core/Src/stm32f4xx_it.o
                0x0000000008001448                SysTick_Handler
 .text.EXTI0_IRQHandler
                0x0000000008001454       0x14 ./Core/Src/stm32f4xx_it.o
                0x0000000008001454                EXTI0_IRQHandler
 .text.SystemInit
                0x0000000008001468       0x24 ./Core/Src/system_stm32f4xx.o
                0x0000000008001468                SystemInit
 .text.Reset_Handler
                0x000000000800148c       0x50 ./Core/Startup/startup_stm32f411ceux.o
                0x000000000800148c                Reset_Handler
 .text.Default_Handler
                0x00000000080014dc        0x2 ./Core/Startup/startup_stm32f411ceux.o
                0x00000000080014dc                RTC_Alarm_IRQHandler
                0x00000000080014dc                EXTI2_IRQHandler
                0x00000000080014dc                SPI4_IRQHandler
                0x00000000080014dc                TIM1_CC_IRQHandler
                0x00000000080014dc                DMA2_Stream5_IRQHandler
                0x00000000080014dc                DMA1_Stream5_IRQHandler
                0x00000000080014dc                PVD_IRQHandler
                0x00000000080014dc                SDIO_IRQHandler
                0x00000000080014dc                TAMP_STAMP_IRQHandler
                0x00000000080014dc                EXTI3_IRQHandler
                0x00000000080014dc                TIM1_UP_TIM10_IRQHandler
                0x00000000080014dc                I2C3_ER_IRQHandler
                0x00000000080014dc                I2C2_EV_IRQHandler
                0x00000000080014dc                DMA1_Stream2_IRQHandler
                0x00000000080014dc                FPU_IRQHandler
                0x00000000080014dc                DMA2_Stream2_IRQHandler
                0x00000000080014dc                SPI1_IRQHandler
                0x00000000080014dc                TIM1_BRK_TIM9_IRQHandler
                0x00000000080014dc                DMA2_Stream3_IRQHandler
                0x00000000080014dc                USART6_IRQHandler
                0x00000000080014dc                DMA2_Stream0_IRQHandler
                0x00000000080014dc                TIM4_IRQHandler
                0x00000000080014dc                I2C1_EV_IRQHandler
                0x00000000080014dc                DMA1_Stream6_IRQHandler
                0x00000000080014dc                DMA1_Stream1_IRQHandler
                0x00000000080014dc                TIM3_IRQHandler
                0x00000000080014dc                RCC_IRQHandler
                0x00000000080014dc                Default_Handler
                0x00000000080014dc                EXTI15_10_IRQHandler
                0x00000000080014dc                ADC_IRQHandler
                0x00000000080014dc                DMA1_Stream7_IRQHandler
                0x00000000080014dc                SPI5_IRQHandler
                0x00000000080014dc                TIM5_IRQHandler
                0x00000000080014dc                DMA2_Stream7_IRQHandler
                0x00000000080014dc                I2C3_EV_IRQHandler
                0x00000000080014dc                EXTI9_5_IRQHandler
                0x00000000080014dc                RTC_WKUP_IRQHandler
                0x00000000080014dc                SPI2_IRQHandler
                0x00000000080014dc                DMA1_Stream0_IRQHandler
                0x00000000080014dc                EXTI4_IRQHandler
                0x00000000080014dc                WWDG_IRQHandler
                0x00000000080014dc                TIM2_IRQHandler
                0x00000000080014dc                OTG_FS_WKUP_IRQHandler
                0x00000000080014dc                TIM1_TRG_COM_TIM11_IRQHandler
                0x00000000080014dc                EXTI1_IRQHandler
                0x00000000080014dc                USART2_IRQHandler
                0x00000000080014dc                I2C2_ER_IRQHandler
                0x00000000080014dc                DMA2_Stream1_IRQHandler
                0x00000000080014dc                FLASH_IRQHandler
                0x00000000080014dc                DMA2_Stream4_IRQHandler
                0x00000000080014dc                USART1_IRQHandler
                0x00000000080014dc                OTG_FS_IRQHandler
                0x00000000080014dc                SPI3_IRQHandler
                0x00000000080014dc                DMA1_Stream4_IRQHandler
                0x00000000080014dc                I2C1_ER_IRQHandler
                0x00000000080014dc                DMA2_Stream6_IRQHandler
                0x00000000080014dc                DMA1_Stream3_IRQHandler
 *fill*         0x00000000080014de        0x2 
 .text.HAL_Init
                0x00000000080014e0       0x44 ./Drivers/STM32F4xx_HAL_Driver/Src/stm32f4xx_hal.o
                0x00000000080014e0                HAL_Init
 .text.HAL_InitTick
                0x0000000008001524       0x60 ./Drivers/STM32F4xx_HAL_Driver/Src/stm32f4xx_hal.o
                0x0000000008001524                HAL_InitTick
 .text.HAL_IncTick
                0x0000000008001584       0x28 ./Drivers/STM32F4xx_HAL_Driver/Src/stm32f4xx_hal.o
                0x0000000008001584                HAL_IncTick
 .text.HAL_GetTick
                0x00000000080015ac       0x18 ./Drivers/STM32F4xx_HAL_Driver/Src/stm32f4xx_hal.o
                0x00000000080015ac                HAL_GetTick
 .text.HAL_Delay
                0x00000000080015c4       0x48 ./Drivers/STM32F4xx_HAL_Driver/Src/stm32f4xx_hal.o
                0x00000000080015c4                HAL_Delay
 .text.__NVIC_SetPriorityGrouping
                0x000000000800160c       0x48 ./Drivers/STM32F4xx_HAL_Driver/Src/stm32f4xx_hal_cortex.o
 .text.__NVIC_GetPriorityGrouping
                0x0000000008001654       0x1c ./Drivers/STM32F4xx_HAL_Driver/Src/stm32f4xx_hal_cortex.o
 .text.__NVIC_EnableIRQ
                0x0000000008001670       0x3c ./Drivers/STM32F4xx_HAL_Driver/Src/stm32f4xx_hal_cortex.o
 .text.__NVIC_SetPriority
                0x00000000080016ac       0x54 ./Drivers/STM32F4xx_HAL_Driver/Src/stm32f4xx_hal_cortex.o
 .text.NVIC_EncodePriority
                0x0000000008001700       0x66 ./Drivers/STM32F4xx_HAL_Driver/Src/stm32f4xx_hal_cortex.o
 *fill*         0x0000000008001766        0x2 
 .text.SysTick_Config
                0x0000000008001768       0x44 ./Drivers/STM32F4xx_HAL_Driver/Src/stm32f4xx_hal_cortex.o
 .text.HAL_NVIC_SetPriorityGrouping
                0x00000000080017ac       0x16 ./Drivers/STM32F4xx_HAL_Driver/Src/stm32f4xx_hal_cortex.o
                0x00000000080017ac                HAL_NVIC_SetPriorityGrouping
 .text.HAL_NVIC_SetPriority
                0x00000000080017c2       0x38 ./Drivers/STM32F4xx_HAL_Driver/Src/stm32f4xx_hal_cortex.o
                0x00000000080017c2                HAL_NVIC_SetPriority
 .text.HAL_NVIC_EnableIRQ
                0x00000000080017fa       0x1c ./Drivers/STM32F4xx_HAL_Driver/Src/stm32f4xx_hal_cortex.o
                0x00000000080017fa                HAL_NVIC_EnableIRQ
 .text.HAL_SYSTICK_Config
                0x0000000008001816       0x18 ./Drivers/STM32F4xx_HAL_Driver/Src/stm32f4xx_hal_cortex.o
                0x0000000008001816                HAL_SYSTICK_Config
 *fill*         0x000000000800182e        0x2 
 .text.HAL_GPIO_Init
                0x0000000008001830      0x308 ./Drivers/STM32F4xx_HAL_Driver/Src/stm32f4xx_hal_gpio.o
                0x0000000008001830                HAL_GPIO_Init
 .text.HAL_GPIO_WritePin
                0x0000000008001b38       0x32 ./Drivers/STM32F4xx_HAL_Driver/Src/stm32f4xx_hal_gpio.o
                0x0000000008001b38                HAL_GPIO_WritePin
 .text.HAL_GPIO_TogglePin
                0x0000000008001b6a       0x34 ./Drivers/STM32F4xx_HAL_Driver/Src/stm32f4xx_hal_gpio.o
                0x0000000008001b6a                HAL_GPIO_TogglePin
 *fill*         0x0000000008001b9e        0x2 
 .text.HAL_GPIO_EXTI_IRQHandler
                0x0000000008001ba0       0x30 ./Drivers/STM32F4xx_HAL_Driver/Src/stm32f4xx_hal_gpio.o
                0x0000000008001ba0                HAL_GPIO_EXTI_IRQHandler
 .text.HAL_GPIO_EXTI_Callback
                0x0000000008001bd0       0x16 ./Drivers/STM32F4xx_HAL_Driver/Src/stm32f4xx_hal_gpio.o
                0x0000000008001bd0                HAL_GPIO_EXTI_Callback
 *fill*         0x0000000008001be6        0x2 
 .text.HAL_I2C_Init
                0x0000000008001be8      0x288 ./Drivers/STM32F4xx_HAL_Driver/Src/stm32f4xx_hal_i2c.o
                0x0000000008001be8                HAL_I2C_Init
 .text.HAL_I2C_Master_Transmit
                0x0000000008001e70      0x1fc ./Drivers/STM32F4xx_HAL_Driver/Src/stm32f4xx_hal_i2c.o
                0x0000000008001e70                HAL_I2C_Master_Transmit
 .text.HAL_I2C_Master_Receive
                0x000000000800206c      0x44c ./Drivers/STM32F4xx_HAL_Driver/Src/stm32f4xx_hal_i2c.o
                0x000000000800206c                HAL_I2C_Master_Receive
 .text.I2C_MasterRequestWrite
                0x00000000080024b8      0x104 ./Drivers/STM32F4xx_HAL_Driver/Src/stm32f4xx_hal_i2c.o
 .text.I2C_MasterRequestRead
                0x00000000080025bc      0x19c ./Drivers/STM32F4xx_HAL_Driver/Src/stm32f4xx_hal_i2c.o
 .text.I2C_WaitOnFlagUntilTimeout
                0x0000000008002758       0xae ./Drivers/STM32F4xx_HAL_Driver/Src/stm32f4xx_hal_i2c.o
 .text.I2C_WaitOnMasterAddressFlagUntilTimeout
                0x0000000008002806       0xfe ./Drivers/STM32F4xx_HAL_Driver/Src/stm32f4xx_hal_i2c.o
 .text.I2C_WaitOnTXEFlagUntilTimeout
                0x0000000008002904       0x82 ./Drivers/STM32F4xx_HAL_Driver/Src/stm32f4xx_hal_i2c.o
 .text.I2C_WaitOnBTFFlagUntilTimeout
                0x0000000008002986       0x82 ./Drivers/STM32F4xx_HAL_Driver/Src/stm32f4xx_hal_i2c.o
 .text.I2C_WaitOnRXNEFlagUntilTimeout
                0x0000000008002a08       0xac ./Drivers/STM32F4xx_HAL_Driver/Src/stm32f4xx_hal_i2c.o
 .text.I2C_IsAcknowledgeFailed
                0x0000000008002ab4       0x5e ./Drivers/STM32F4xx_HAL_Driver/Src/stm32f4xx_hal_i2c.o
 *fill*         0x0000000008002b12        0x2 
 .text.HAL_RCC_OscConfig
                0x0000000008002b14      0x4f0 ./Drivers/STM32F4xx_HAL_Driver/Src/stm32f4xx_hal_rcc.o
                0x0000000008002b14                HAL_RCC_OscConfig
 .text.HAL_RCC_ClockConfig
                0x0000000008003004      0x1cc ./Drivers/STM32F4xx_HAL_Driver/Src/stm32f4xx_hal_rcc.o
                0x0000000008003004                HAL_RCC_ClockConfig
 .text.HAL_RCC_GetSysClockFreq
                0x00000000080031d0      0x18c ./Drivers/STM32F4xx_HAL_Driver/Src/stm32f4xx_hal_rcc.o
                0x00000000080031d0                HAL_RCC_GetSysClockFreq
 .text.HAL_RCC_GetHCLKFreq
                0x000000000800335c       0x18 ./Drivers/STM32F4xx_HAL_Driver/Src/stm32f4xx_hal_rcc.o
                0x000000000800335c                HAL_RCC_GetHCLKFreq
 .text.HAL_RCC_GetPCLK1Freq
                0x0000000008003374       0x28 ./Drivers/STM32F4xx_HAL_Driver/Src/stm32f4xx_hal_rcc.o
                0x0000000008003374                HAL_RCC_GetPCLK1Freq
 .text.HAL_SPI_Init
                0x000000000800339c      0x112 ./Drivers/STM32F4xx_HAL_Driver/Src/stm32f4xx_hal_spi.o
                0x000000000800339c                HAL_SPI_Init
 .text.HAL_SPI_Transmit
                0x00000000080034ae      0x278 ./Drivers/STM32F4xx_HAL_Driver/Src/stm32f4xx_hal_spi.o
                0x00000000080034ae                HAL_SPI_Transmit
 .text.HAL_SPI_TransmitReceive
                0x0000000008003726      0x344 ./Drivers/STM32F4xx_HAL_Driver/Src/stm32f4xx_hal_spi.o
                0x0000000008003726                HAL_SPI_TransmitReceive
 *fill*         0x0000000008003a6a        0x2 
 .text.SPI_WaitFlagStateUntilTimeout
                0x0000000008003a6c      0x110 ./Drivers/STM32F4xx_HAL_Driver/Src/stm32f4xx_hal_spi.o
 .text.SPI_EndRxTxTransaction
                0x0000000008003b7c       0x84 ./Drivers/STM32F4xx_HAL_Driver/Src/stm32f4xx_hal_spi.o
 .text.verify   0x0000000008003c00       0x40 ./User_modules/ATH10/I2C_ATH10.o
                0x0000000008003c00                verify
 .text.Raw_value
                0x0000000008003c40       0x8c ./User_modules/ATH10/I2C_ATH10.o
 .text.Get_t_h  0x0000000008003ccc       0xc8 ./User_modules/ATH10/I2C_ATH10.o
                0x0000000008003ccc                Get_t_h
 .text.calculate_size32
                0x0000000008003d94       0x4c ./User_modules/CRC7/crc7_soft.o
                0x0000000008003d94                calculate_size32
 .text.build_uint32_compare_crc
                0x0000000008003de0       0x62 ./User_modules/CRC7/crc7_soft.o
                0x0000000008003de0                build_uint32_compare_crc
 *fill*         0x0000000008003e42        0x2 
 .text.buld_32  0x0000000008003e44      0x128 ./User_modules/CRC7/crc7_soft.o
                0x0000000008003e44                buld_32
 .text.get_crc  0x0000000008003f6c      0x13c ./User_modules/CRC7/crc7_soft.o
                0x0000000008003f6c                get_crc
 .text.Verify_File
                0x00000000080040a8       0x80 ./User_modules/Files_manager/Files_mng.o
                0x00000000080040a8                Verify_File
 .text.init_I2C_P2
                0x0000000008004128       0x68 ./User_modules/I2C_conf_base/I2C_base.o
                0x0000000008004128                init_I2C_P2
 .text.Get_IdImag_typeJPG
                0x0000000008004190       0x1c ./User_modules/Imag_arr_save/Save_Img.o
                0x0000000008004190                Get_IdImag_typeJPG
 .text.Init_SD_SPI
                0x00000000080041ac       0x20 ./User_modules/SD_Base_SPI/SD_Base_SPI.o
                0x00000000080041ac                Init_SD_SPI
 .text.Init_Resp
                0x00000000080041cc       0x64 ./User_modules/SD_Base_SPI/SD_Base_SPI.o
                0x00000000080041cc                Init_Resp
 .text.SPI_initial_block
                0x0000000008004230       0x50 ./User_modules/SD_Base_SPI/SD_Base_SPI.o
                0x0000000008004230                SPI_initial_block
 .text.Configure_SPI
                0x0000000008004280       0x6c ./User_modules/SD_Base_SPI/SD_Base_SPI.o
 .text.Dummy_funct_SD
                0x00000000080042ec       0x12 ./User_modules/SD_Base_SPI/SD_Base_SPI.o
                0x00000000080042ec                Dummy_funct_SD
 *fill*         0x00000000080042fe        0x2 
 .text.active_Spi_CS
                0x0000000008004300       0x18 ./User_modules/SD_Base_SPI/SD_Base_SPI.o
 .text.deactive_Spi_CS
                0x0000000008004318       0x18 ./User_modules/SD_Base_SPI/SD_Base_SPI.o
 .text.Fix_Data_CMD
                0x0000000008004330       0x50 ./User_modules/SD_Base_SPI/SD_Base_SPI.o
 .text.SPI_SD_Initialaze
                0x0000000008004380       0xf0 ./User_modules/SD_Base_SPI/SD_Base_SPI.o
                0x0000000008004380                SPI_SD_Initialaze
 .text.process_Send_CMD
                0x0000000008004470      0x1b8 ./User_modules/SD_Base_SPI/SD_Base_SPI.o
 .text.process_Read_CMD
                0x0000000008004628       0xd0 ./User_modules/SD_Base_SPI/SD_Base_SPI.o
                0x0000000008004628                process_Read_CMD
 .text.Proces_Resp_R1
                0x00000000080046f8       0x74 ./User_modules/SD_Base_SPI/SD_Base_SPI.o
 .text.Proces_Resp_R2
                0x000000000800476c       0x88 ./User_modules/SD_Base_SPI/SD_Base_SPI.o
 .text.Proces_Resp_R3
                0x00000000080047f4       0x60 ./User_modules/SD_Base_SPI/SD_Base_SPI.o
 .text.Proces_Resp_R7
                0x0000000008004854       0x9c ./User_modules/SD_Base_SPI/SD_Base_SPI.o
 .text.Read_Block
                0x00000000080048f0       0xe0 ./User_modules/SD_Base_SPI/SD_Base_SPI.o
                0x00000000080048f0                Read_Block
 .text.Get_initial_block
                0x00000000080049d0       0x70 ./User_modules/SD_Base_SPI/SD_Base_SPI.o
                0x00000000080049d0                Get_initial_block
 .text.Get_Block_Data
                0x0000000008004a40      0x108 ./User_modules/SD_Base_SPI/SD_Base_SPI.o
                0x0000000008004a40                Get_Block_Data
 .text.Select_File
                0x0000000008004b48      0x174 ./User_modules/SD_Base_SPI/SD_Base_SPI.o
                0x0000000008004b48                Select_File
 .text.Init_SPI_BASE
                0x0000000008004cbc       0x6c ./User_modules/SPI_BASE/SPI_BASE.o
                0x0000000008004cbc                Init_SPI_BASE
 .text.write_Comand
                0x0000000008004d28       0x50 ./User_modules/SPI_BASE/SPI_BASE.o
                0x0000000008004d28                write_Comand
 .text.write_value_C_D
                0x0000000008004d78       0x60 ./User_modules/SPI_BASE/SPI_BASE.o
                0x0000000008004d78                write_value_C_D
 .text.Com_Value_rep
                0x0000000008004dd8       0x74 ./User_modules/SPI_BASE/SPI_BASE.o
                0x0000000008004dd8                Com_Value_rep
 .text.Eneble_cont_wr_mode
                0x0000000008004e4c       0x4c ./User_modules/SPI_BASE/SPI_BASE.o
                0x0000000008004e4c                Eneble_cont_wr_mode
 .text.Contin_wr_pix
                0x0000000008004e98       0x38 ./User_modules/SPI_BASE/SPI_BASE.o
                0x0000000008004e98                Contin_wr_pix
 .text.Disable_cont_wr_mode
                0x0000000008004ed0       0x18 ./User_modules/SPI_BASE/SPI_BASE.o
                0x0000000008004ed0                Disable_cont_wr_mode
 .text.verify_LCD
                0x0000000008004ee8       0x44 ./User_modules/SSD1306_lcd/I2C_LCD.o
                0x0000000008004ee8                verify_LCD
 .text.Configure_LCD
                0x0000000008004f2c       0x48 ./User_modules/SSD1306_lcd/I2C_LCD.o
                0x0000000008004f2c                Configure_LCD
 .text.clear_lcd
                0x0000000008004f74       0x48 ./User_modules/SSD1306_lcd/I2C_LCD.o
                0x0000000008004f74                clear_lcd
 .text.reset_value_cont
                0x0000000008004fbc       0x38 ./User_modules/SSD1306_lcd/I2C_LCD.o
                0x0000000008004fbc                reset_value_cont
 .text.set_colum_cords
                0x0000000008004ff4       0x5c ./User_modules/SSD1306_lcd/I2C_LCD.o
                0x0000000008004ff4                set_colum_cords
 .text.set_number
                0x0000000008005050       0x58 ./User_modules/SSD1306_lcd/I2C_LCD.o
                0x0000000008005050                set_number
 .text.wr_sectors
                0x00000000080050a8       0xf0 ./User_modules/SSD1306_lcd/I2C_LCD.o
                0x00000000080050a8                wr_sectors
 .text.wr_number
                0x0000000008005198       0xa0 ./User_modules/SSD1306_lcd/I2C_LCD.o
                0x0000000008005198                wr_number
 .text.wr_com_poin
                0x0000000008005238       0x78 ./User_modules/SSD1306_lcd/I2C_LCD.o
                0x0000000008005238                wr_com_poin
 .text.show_h_t
                0x00000000080052b0       0x84 ./User_modules/SSD1306_lcd/I2C_LCD.o
                0x00000000080052b0                show_h_t
 .text.write_image
                0x0000000008005334       0x88 ./User_modules/SSD1306_lcd/I2C_LCD.o
                0x0000000008005334                write_image
 .text.SIG_RESET_LCD
                0x00000000080053bc       0x2c ./User_modules/ST7789V2_LCD/LCD_ST7.o
                0x00000000080053bc                SIG_RESET_LCD
 .text.init_Pins
                0x00000000080053e8       0x38 ./User_modules/ST7789V2_LCD/LCD_ST7.o
                0x00000000080053e8                init_Pins
 .text.init_LCD_S7
                0x0000000008005420       0x2a ./User_modules/ST7789V2_LCD/LCD_ST7.o
                0x0000000008005420                init_LCD_S7
 .text.Partial_Reset
                0x000000000800544a       0x20 ./User_modules/ST7789V2_LCD/LCD_ST7.o
                0x000000000800544a                Partial_Reset
 .text.Set_X_Y  0x000000000800546a       0x6e ./User_modules/ST7789V2_LCD/LCD_ST7.o
                0x000000000800546a                Set_X_Y
 .text.Set_Etart_X_Y_End
                0x00000000080054d8       0xa2 ./User_modules/ST7789V2_LCD/LCD_ST7.o
                0x00000000080054d8                Set_Etart_X_Y_End
 *fill*         0x000000000800557a        0x2 
 .text.Set_All_LCD_RGB
                0x000000000800557c       0x6c ./User_modules/ST7789V2_LCD/LCD_ST7.o
                0x000000000800557c                Set_All_LCD_RGB
 .text.Mem_acces_crt
                0x00000000080055e8       0x26 ./User_modules/ST7789V2_LCD/LCD_ST7.o
                0x00000000080055e8                Mem_acces_crt
 .text.Pixel_format
                0x000000000800560e       0x46 ./User_modules/ST7789V2_LCD/LCD_ST7.o
                0x000000000800560e                Pixel_format
 .text.RGB_1DAT_Pix_Num
                0x0000000008005654       0x30 ./User_modules/ST7789V2_LCD/LCD_ST7.o
                0x0000000008005654                RGB_1DAT_Pix_Num
 .text.RGB_8b_to_5b_
                0x0000000008005684       0x64 ./User_modules/ST7789V2_LCD/LCD_ST7.o
 .text.WR_IMAGE_type_JPG
                0x00000000080056e8       0x6c ./User_modules/ST7789V2_LCD/LCD_ST7.o
                0x00000000080056e8                WR_IMAGE_type_JPG
 .text.test_swicht
                0x0000000008005754       0xcc ./User_modules/fonts_use/font_lcd.o
                0x0000000008005754                test_swicht
 .text.p_c_get  0x0000000008005820       0x50 ./User_modules/fonts_use/font_lcd.o
                0x0000000008005820                p_c_get
 .text.Get_image
                0x0000000008005870       0x9c ./User_modules/fonts_use/font_lcd.o
                0x0000000008005870                Get_image
 .text.Get_image_humed
                0x000000000800590c       0x9c ./User_modules/fonts_use/font_lcd.o
                0x000000000800590c                Get_image_humed
 .text.steps_routine
                0x00000000080059a8       0x54 ./User_modules/run_time/Roun_time.o
                0x00000000080059a8                steps_routine
 .text.Util_Arr_32BIND
                0x00000000080059fc       0x40 ./User_modules/util_funct/util.o
                0x00000000080059fc                Util_Arr_32BIND
 .text.__libc_init_array
                0x0000000008005a3c       0x48 c:/st/stm32cubeide_1.6.1/stm32cubeide/plugins/com.st.stm32cube.ide.mcu.externaltools.gnu-tools-for-stm32.10.3-2021.10.win32_1.0.200.202301161003/tools/bin/../lib/gcc/arm-none-eabi/10.3.1/../../../../arm-none-eabi/lib/thumb/v7e-m+fp/hard\libc_nano.a(lib_a-init.o)
                0x0000000008005a3c                __libc_init_array
 .text.memset   0x0000000008005a84       0x10 c:/st/stm32cubeide_1.6.1/stm32cubeide/plugins/com.st.stm32cube.ide.mcu.externaltools.gnu-tools-for-stm32.10.3-2021.10.win32_1.0.200.202301161003/tools/bin/../lib/gcc/arm-none-eabi/10.3.1/../../../../arm-none-eabi/lib/thumb/v7e-m+fp/hard\libc_nano.a(lib_a-memset.o)
                0x0000000008005a84                memset
 *(.glue_7)
 .glue_7        0x0000000008005a94        0x0 linker stubs
 *(.glue_7t)
 .glue_7t       0x0000000008005a94        0x0 linker stubs
 *(.eh_frame)
 .eh_frame      0x0000000008005a94        0x0 c:/st/stm32cubeide_1.6.1/stm32cubeide/plugins/com.st.stm32cube.ide.mcu.externaltools.gnu-tools-for-stm32.10.3-2021.10.win32_1.0.200.202301161003/tools/bin/../lib/gcc/arm-none-eabi/10.3.1/thumb/v7e-m+fp/hard/crtbegin.o
 *(.init)
 .init          0x0000000008005a94        0x4 c:/st/stm32cubeide_1.6.1/stm32cubeide/plugins/com.st.stm32cube.ide.mcu.externaltools.gnu-tools-for-stm32.10.3-2021.10.win32_1.0.200.202301161003/tools/bin/../lib/gcc/arm-none-eabi/10.3.1/thumb/v7e-m+fp/hard/crti.o
                0x0000000008005a94                _init
 .init          0x0000000008005a98        0x8 c:/st/stm32cubeide_1.6.1/stm32cubeide/plugins/com.st.stm32cube.ide.mcu.externaltools.gnu-tools-for-stm32.10.3-2021.10.win32_1.0.200.202301161003/tools/bin/../lib/gcc/arm-none-eabi/10.3.1/thumb/v7e-m+fp/hard/crtn.o
 *(.fini)
 .fini          0x0000000008005aa0        0x4 c:/st/stm32cubeide_1.6.1/stm32cubeide/plugins/com.st.stm32cube.ide.mcu.externaltools.gnu-tools-for-stm32.10.3-2021.10.win32_1.0.200.202301161003/tools/bin/../lib/gcc/arm-none-eabi/10.3.1/thumb/v7e-m+fp/hard/crti.o
                0x0000000008005aa0                _fini
 .fini          0x0000000008005aa4        0x8 c:/st/stm32cubeide_1.6.1/stm32cubeide/plugins/com.st.stm32cube.ide.mcu.externaltools.gnu-tools-for-stm32.10.3-2021.10.win32_1.0.200.202301161003/tools/bin/../lib/gcc/arm-none-eabi/10.3.1/thumb/v7e-m+fp/hard/crtn.o
                0x0000000008005aac                . = ALIGN (0x4)
                0x0000000008005aac                _etext = .

.vfp11_veneer   0x0000000008005aac        0x0
 .vfp11_veneer  0x0000000008005aac        0x0 linker stubs

.v4_bx          0x0000000008005aac        0x0
 .v4_bx         0x0000000008005aac        0x0 linker stubs

.iplt           0x0000000008005aac        0x0
 .iplt          0x0000000008005aac        0x0 c:/st/stm32cubeide_1.6.1/stm32cubeide/plugins/com.st.stm32cube.ide.mcu.externaltools.gnu-tools-for-stm32.10.3-2021.10.win32_1.0.200.202301161003/tools/bin/../lib/gcc/arm-none-eabi/10.3.1/thumb/v7e-m+fp/hard/crtbegin.o

.rodata         0x0000000008005aac     0x4510
                0x0000000008005aac                . = ALIGN (0x4)
 *(.rodata)
 .rodata        0x0000000008005aac        0x6 ./Core/Src/main.o
 *(.rodata*)
 *fill*         0x0000000008005ab2        0x2 
 .rodata.AHBPrescTable
                0x0000000008005ab4       0x10 ./Core/Src/system_stm32f4xx.o
                0x0000000008005ab4                AHBPrescTable
 .rodata.APBPrescTable
                0x0000000008005ac4        0x8 ./Core/Src/system_stm32f4xx.o
                0x0000000008005ac4                APBPrescTable
 .rodata.Files_select
                0x0000000008005acc       0x18 ./User_modules/Files_manager/Files_mng.o
                0x0000000008005acc                Files_select
 .rodata.image_pixtest
                0x0000000008005ae4     0x44d8 ./User_modules/Imag_arr_save/Save_Img.o
                0x0000000008005ae4                image_pixtest
                0x0000000008009fbc                . = ALIGN (0x4)

.ARM.extab      0x0000000008009fbc        0x0
                0x0000000008009fbc                . = ALIGN (0x4)
 *(.ARM.extab* .gnu.linkonce.armextab.*)
                0x0000000008009fbc                . = ALIGN (0x4)

.ARM            0x0000000008009fbc        0x8
                0x0000000008009fbc                . = ALIGN (0x4)
                0x0000000008009fbc                __exidx_start = .
 *(.ARM.exidx*)
 .ARM.exidx     0x0000000008009fbc        0x8 c:/st/stm32cubeide_1.6.1/stm32cubeide/plugins/com.st.stm32cube.ide.mcu.externaltools.gnu-tools-for-stm32.10.3-2021.10.win32_1.0.200.202301161003/tools/bin/../lib/gcc/arm-none-eabi/10.3.1/thumb/v7e-m+fp/hard\libgcc.a(_udivmoddi4.o)
                0x0000000008009fc4                __exidx_end = .
                0x0000000008009fc4                . = ALIGN (0x4)

.rel.dyn        0x0000000008009fc4        0x0
 .rel.iplt      0x0000000008009fc4        0x0 c:/st/stm32cubeide_1.6.1/stm32cubeide/plugins/com.st.stm32cube.ide.mcu.externaltools.gnu-tools-for-stm32.10.3-2021.10.win32_1.0.200.202301161003/tools/bin/../lib/gcc/arm-none-eabi/10.3.1/thumb/v7e-m+fp/hard/crtbegin.o

.preinit_array  0x0000000008009fc4        0x0
                0x0000000008009fc4                . = ALIGN (0x4)
                0x0000000008009fc4                PROVIDE (__preinit_array_start = .)
 *(.preinit_array*)
                0x0000000008009fc4                PROVIDE (__preinit_array_end = .)
                0x0000000008009fc4                . = ALIGN (0x4)

.init_array     0x0000000008009fc4        0x4
                0x0000000008009fc4                . = ALIGN (0x4)
                0x0000000008009fc4                PROVIDE (__init_array_start = .)
 *(SORT_BY_NAME(.init_array.*))
 *(.init_array*)
 .init_array    0x0000000008009fc4        0x4 c:/st/stm32cubeide_1.6.1/stm32cubeide/plugins/com.st.stm32cube.ide.mcu.externaltools.gnu-tools-for-stm32.10.3-2021.10.win32_1.0.200.202301161003/tools/bin/../lib/gcc/arm-none-eabi/10.3.1/thumb/v7e-m+fp/hard/crtbegin.o
                0x0000000008009fc8                PROVIDE (__init_array_end = .)
                0x0000000008009fc8                . = ALIGN (0x4)

.fini_array     0x0000000008009fc8        0x4
                0x0000000008009fc8                . = ALIGN (0x4)
                [!provide]                        PROVIDE (__fini_array_start = .)
 *(SORT_BY_NAME(.fini_array.*))
 *(.fini_array*)
 .fini_array    0x0000000008009fc8        0x4 c:/st/stm32cubeide_1.6.1/stm32cubeide/plugins/com.st.stm32cube.ide.mcu.externaltools.gnu-tools-for-stm32.10.3-2021.10.win32_1.0.200.202301161003/tools/bin/../lib/gcc/arm-none-eabi/10.3.1/thumb/v7e-m+fp/hard/crtbegin.o
                [!provide]                        PROVIDE (__fini_array_end = .)
                0x0000000008009fcc                . = ALIGN (0x4)
                0x0000000008009fcc                _sidata = LOADADDR (.data)

.data           0x0000000020000000      0x744 load address 0x0000000008009fcc
                0x0000000020000000                . = ALIGN (0x4)
                0x0000000020000000                _sdata = .
 *(.data)
 *(.data*)
 .data.SystemCoreClock
                0x0000000020000000        0x4 ./Core/Src/system_stm32f4xx.o
                0x0000000020000000                SystemCoreClock
 .data.uwTickPrio
                0x0000000020000004        0x4 ./Drivers/STM32F4xx_HAL_Driver/Src/stm32f4xx_hal.o
                0x0000000020000004                uwTickPrio
 .data.uwTickFreq
                0x0000000020000008        0x1 ./Drivers/STM32F4xx_HAL_Driver/Src/stm32f4xx_hal.o
                0x0000000020000008                uwTickFreq
 *fill*         0x0000000020000009        0x3 
 .data.C_mesure
                0x000000002000000c        0x1 ./User_modules/ATH10/I2C_ATH10.o
                0x000000002000000c                C_mesure
 *fill*         0x000000002000000d        0x3 
 .data.SPI_Command
                0x0000000020000010       0xc0 ./User_modules/SD_Base_SPI/SD_Base_SPI.o
                0x0000000020000010                SPI_Command
 .data.SPI_ACMD
                0x00000000200000d0       0x12 ./User_modules/SD_Base_SPI/SD_Base_SPI.o
                0x00000000200000d0                SPI_ACMD
 *fill*         0x00000000200000e2        0x2 
 .data.R_Attrib
                0x00000000200000e4       0x20 ./User_modules/SD_Base_SPI/SD_Base_SPI.o
                0x00000000200000e4                R_Attrib
 .data.Response_process
                0x0000000020000104       0x10 ./User_modules/SD_Base_SPI/SD_Base_SPI.o
                0x0000000020000104                Response_process
 .data.data     0x0000000020000114        0x1 ./User_modules/SSD1306_lcd/I2C_LCD.o
                0x0000000020000114                data
 *fill*         0x0000000020000115        0x3 
 .data.initial_conf
                0x0000000020000118       0x1c ./User_modules/SSD1306_lcd/I2C_LCD.o
 .data.sec_ant_1
                0x0000000020000134        0x1 ./User_modules/SSD1306_lcd/I2C_LCD.o
 .data.sec_ant_2
                0x0000000020000135        0x1 ./User_modules/SSD1306_lcd/I2C_LCD.o
 .data.sec_ant_3
                0x0000000020000136        0x1 ./User_modules/SSD1306_lcd/I2C_LCD.o
 .data.sec_ant_4
                0x0000000020000137        0x1 ./User_modules/SSD1306_lcd/I2C_LCD.o
 .data.val_ant.0
                0x0000000020000138        0x4 ./User_modules/SSD1306_lcd/I2C_LCD.o
 .data.value_send_0
                0x000000002000013c       0x51 ./User_modules/fonts_use/font_lcd.o
                0x000000002000013c                value_send_0
 *fill*         0x000000002000018d        0x3 
 .data.value_send_1
                0x0000000020000190       0x51 ./User_modules/fonts_use/font_lcd.o
                0x0000000020000190                value_send_1
 *fill*         0x00000000200001e1        0x3 
 .data.value_send_2
                0x00000000200001e4       0x51 ./User_modules/fonts_use/font_lcd.o
                0x00000000200001e4                value_send_2
 *fill*         0x0000000020000235        0x3 
 .data.value_send_3
                0x0000000020000238       0x51 ./User_modules/fonts_use/font_lcd.o
                0x0000000020000238                value_send_3
 *fill*         0x0000000020000289        0x3 
 .data.value_send_4
                0x000000002000028c       0x51 ./User_modules/fonts_use/font_lcd.o
                0x000000002000028c                value_send_4
 *fill*         0x00000000200002dd        0x3 
 .data.value_send_5
                0x00000000200002e0       0x51 ./User_modules/fonts_use/font_lcd.o
                0x00000000200002e0                value_send_5
 *fill*         0x0000000020000331        0x3 
 .data.value_send_6
                0x0000000020000334       0x51 ./User_modules/fonts_use/font_lcd.o
                0x0000000020000334                value_send_6
 *fill*         0x0000000020000385        0x3 
 .data.value_send_7
                0x0000000020000388       0x51 ./User_modules/fonts_use/font_lcd.o
                0x0000000020000388                value_send_7
 *fill*         0x00000000200003d9        0x3 
 .data.value_send_8
                0x00000000200003dc       0x51 ./User_modules/fonts_use/font_lcd.o
                0x00000000200003dc                value_send_8
 *fill*         0x000000002000042d        0x3 
 .data.value_send_9
                0x0000000020000430       0x51 ./User_modules/fonts_use/font_lcd.o
                0x0000000020000430                value_send_9
 *fill*         0x0000000020000481        0x3 
 .data.value_poin
                0x0000000020000484       0x1e ./User_modules/fonts_use/font_lcd.o
                0x0000000020000484                value_poin
 *fill*         0x00000000200004a2        0x2 
 .data.value_comma
                0x00000000200004a4       0x1e ./User_modules/fonts_use/font_lcd.o
                0x00000000200004a4                value_comma
 *fill*         0x00000000200004c2        0x2 
 .data.layer6   0x00000000200004c4       0x3e ./User_modules/fonts_use/font_lcd.o
                0x00000000200004c4                layer6
 *fill*         0x0000000020000502        0x2 
 .data.layer5   0x0000000020000504       0x3e ./User_modules/fonts_use/font_lcd.o
                0x0000000020000504                layer5
 *fill*         0x0000000020000542        0x2 
 .data.layer4   0x0000000020000544       0x3e ./User_modules/fonts_use/font_lcd.o
                0x0000000020000544                layer4
 *fill*         0x0000000020000582        0x2 
 .data.layer3   0x0000000020000584       0x3e ./User_modules/fonts_use/font_lcd.o
                0x0000000020000584                layer3
 *fill*         0x00000000200005c2        0x2 
 .data.layer2   0x00000000200005c4       0x3e ./User_modules/fonts_use/font_lcd.o
                0x00000000200005c4                layer2
 *fill*         0x0000000020000602        0x2 
 .data.layer1   0x0000000020000604       0x3e ./User_modules/fonts_use/font_lcd.o
                0x0000000020000604                layer1
 *fill*         0x0000000020000642        0x2 
 .data.layer_hum5
                0x0000000020000644       0x3e ./User_modules/fonts_use/font_lcd.o
                0x0000000020000644                layer_hum5
 *fill*         0x0000000020000682        0x2 
 .data.layer_hum4
                0x0000000020000684       0x3e ./User_modules/fonts_use/font_lcd.o
                0x0000000020000684                layer_hum4
 *fill*         0x00000000200006c2        0x2 
 .data.layer_hum3
                0x00000000200006c4       0x3e ./User_modules/fonts_use/font_lcd.o
                0x00000000200006c4                layer_hum3
 *fill*         0x0000000020000702        0x2 
 .data.layer_hum2
                0x0000000020000704       0x3e ./User_modules/fonts_use/font_lcd.o
                0x0000000020000704                layer_hum2
 *(.RamFunc)
 *(.RamFunc*)
                0x0000000020000744                . = ALIGN (0x4)
 *fill*         0x0000000020000742        0x2 
                0x0000000020000744                _edata = .

.igot.plt       0x0000000020000744        0x0 load address 0x000000000800a710
 .igot.plt      0x0000000020000744        0x0 c:/st/stm32cubeide_1.6.1/stm32cubeide/plugins/com.st.stm32cube.ide.mcu.externaltools.gnu-tools-for-stm32.10.3-2021.10.win32_1.0.200.202301161003/tools/bin/../lib/gcc/arm-none-eabi/10.3.1/thumb/v7e-m+fp/hard/crtbegin.o
                0x0000000020000744                . = ALIGN (0x4)

.bss            0x0000000020000744      0x688 load address 0x000000000800a710
                0x0000000020000744                _sbss = .
                0x0000000020000744                __bss_start__ = _sbss
 *(.bss)
 .bss           0x0000000020000744       0x1c c:/st/stm32cubeide_1.6.1/stm32cubeide/plugins/com.st.stm32cube.ide.mcu.externaltools.gnu-tools-for-stm32.10.3-2021.10.win32_1.0.200.202301161003/tools/bin/../lib/gcc/arm-none-eabi/10.3.1/thumb/v7e-m+fp/hard/crtbegin.o
 *(.bss*)
 .bss.hi2c2     0x0000000020000760       0x54 ./Core/Src/main.o
                0x0000000020000760                hi2c2
 .bss.hspi2     0x00000000200007b4       0x58 ./Core/Src/main.o
                0x00000000200007b4                hspi2
 .bss.hspi3     0x000000002000080c       0x58 ./Core/Src/main.o
                0x000000002000080c                hspi3
 .bss.state_int_A0
                0x0000000020000864        0x1 ./Core/Src/main.o
                0x0000000020000864                state_int_A0
 *fill*         0x0000000020000865        0x3 
 .bss.uwTick    0x0000000020000868        0x4 ./Drivers/STM32F4xx_HAL_Driver/Src/stm32f4xx_hal.o
                0x0000000020000868                uwTick
 .bss.I2C_P2    0x000000002000086c       0x54 ./User_modules/ATH10/I2C_ATH10.o
                0x000000002000086c                I2C_P2
 .bss.Get_mesure
                0x00000000200008c0        0x7 ./User_modules/ATH10/I2C_ATH10.o
                0x00000000200008c0                Get_mesure
 *fill*         0x00000000200008c7        0x1 
 .bss.ath_tem   0x00000000200008c8        0x4 ./User_modules/ATH10/I2C_ATH10.o
                0x00000000200008c8                ath_tem
 .bss.ath_hum   0x00000000200008cc        0x4 ./User_modules/ATH10/I2C_ATH10.o
                0x00000000200008cc                ath_hum
 .bss.save_last_crc
                0x00000000200008d0        0x4 ./User_modules/CRC7/crc7_soft.o
                0x00000000200008d0                save_last_crc
 .bss.flag_lastval
                0x00000000200008d4        0x1 ./User_modules/CRC7/crc7_soft.o
                0x00000000200008d4                flag_lastval
 *fill*         0x00000000200008d5        0x3 
 .bss.hspi_SD   0x00000000200008d8       0x58 ./User_modules/SD_Base_SPI/SD_Base_SPI.o
                0x00000000200008d8                hspi_SD
 .bss.Res_R1    0x0000000020000930        0x1 ./User_modules/SD_Base_SPI/SD_Base_SPI.o
                0x0000000020000930                Res_R1
 *fill*         0x0000000020000931        0x3 
 .bss.Res_R2    0x0000000020000934        0x2 ./User_modules/SD_Base_SPI/SD_Base_SPI.o
                0x0000000020000934                Res_R2
 *fill*         0x0000000020000936        0x2 
 .bss.Res_R3    0x0000000020000938        0x8 ./User_modules/SD_Base_SPI/SD_Base_SPI.o
                0x0000000020000938                Res_R3
 .bss.Res_R7    0x0000000020000940        0x6 ./User_modules/SD_Base_SPI/SD_Base_SPI.o
                0x0000000020000940                Res_R7
 *fill*         0x0000000020000946        0x2 
 .bss.SD_Device
                0x0000000020000948      0x20c ./User_modules/SD_Base_SPI/SD_Base_SPI.o
                0x0000000020000948                SD_Device
 .bss.SD_Base_Buffer
                0x0000000020000b54        0xa ./User_modules/SD_Base_SPI/SD_Base_SPI.o
                0x0000000020000b54                SD_Base_Buffer
 *fill*         0x0000000020000b5e        0x2 
 .bss.SD_Variables
                0x0000000020000b60       0x10 ./User_modules/SD_Base_SPI/SD_Base_SPI.o
 .bss.SD_CurrentFile
                0x0000000020000b70        0xc ./User_modules/SD_Base_SPI/SD_Base_SPI.o
 .bss.hspi_Base
                0x0000000020000b7c       0x58 ./User_modules/SPI_BASE/SPI_BASE.o
                0x0000000020000b7c                hspi_Base
 .bss.Color_background
                0x0000000020000bd4        0x2 ./User_modules/ST7789V2_LCD/LCD_ST7.o
                0x0000000020000bd4                Color_background
 *fill*         0x0000000020000bd6        0x2 
 .bss.value_send_FF
                0x0000000020000bd8       0x51 ./User_modules/fonts_use/font_lcd.o
                0x0000000020000bd8                value_send_FF
 *fill*         0x0000000020000c29        0x3 
 .bss.value_c_er
                0x0000000020000c2c       0x1e ./User_modules/fonts_use/font_lcd.o
                0x0000000020000c2c                value_c_er
 *fill*         0x0000000020000c4a        0x2 
 .bss.layer7    0x0000000020000c4c       0x3e ./User_modules/fonts_use/font_lcd.o
                0x0000000020000c4c                layer7
 *fill*         0x0000000020000c8a        0x2 
 .bss.layer0    0x0000000020000c8c       0x3e ./User_modules/fonts_use/font_lcd.o
                0x0000000020000c8c                layer0
 *fill*         0x0000000020000cca        0x2 
 .bss.layer_hum7
                0x0000000020000ccc       0x3e ./User_modules/fonts_use/font_lcd.o
                0x0000000020000ccc                layer_hum7
 *fill*         0x0000000020000d0a        0x2 
 .bss.layer_hum6
                0x0000000020000d0c       0x3e ./User_modules/fonts_use/font_lcd.o
                0x0000000020000d0c                layer_hum6
 *fill*         0x0000000020000d4a        0x2 
 .bss.layer_hum1
                0x0000000020000d4c       0x3e ./User_modules/fonts_use/font_lcd.o
                0x0000000020000d4c                layer_hum1
 *fill*         0x0000000020000d8a        0x2 
 .bss.layer_hum0
                0x0000000020000d8c       0x3e ./User_modules/fonts_use/font_lcd.o
                0x0000000020000d8c                layer_hum0
 *(COMMON)
                0x0000000020000dcc                . = ALIGN (0x4)
 *fill*         0x0000000020000dca        0x2 
                0x0000000020000dcc                _ebss = .
                0x0000000020000dcc                __bss_end__ = _ebss

._user_heap_stack
                0x0000000020000dcc      0x604 load address 0x000000000800a710
                0x0000000020000dd0                . = ALIGN (0x8)
 *fill*         0x0000000020000dcc        0x4 
                [!provide]                        PROVIDE (end = .)
                0x0000000020000dd0                PROVIDE (_end = .)
                0x0000000020000fd0                . = (. + _Min_Heap_Size)
 *fill*         0x0000000020000dd0      0x200 
                0x00000000200013d0                . = (. + _Min_Stack_Size)
 *fill*         0x0000000020000fd0      0x400 
                0x00000000200013d0                . = ALIGN (0x8)

/DISCARD/
 libc.a(*)
 libm.a(*)
 libgcc.a(*)

.ARM.attributes
                0x0000000000000000       0x30
 *(.ARM.attributes)
 .ARM.attributes
                0x0000000000000000       0x1e c:/st/stm32cubeide_1.6.1/stm32cubeide/plugins/com.st.stm32cube.ide.mcu.externaltools.gnu-tools-for-stm32.10.3-2021.10.win32_1.0.200.202301161003/tools/bin/../lib/gcc/arm-none-eabi/10.3.1/thumb/v7e-m+fp/hard/crti.o
 .ARM.attributes
                0x000000000000001e       0x34 c:/st/stm32cubeide_1.6.1/stm32cubeide/plugins/com.st.stm32cube.ide.mcu.externaltools.gnu-tools-for-stm32.10.3-2021.10.win32_1.0.200.202301161003/tools/bin/../lib/gcc/arm-none-eabi/10.3.1/thumb/v7e-m+fp/hard/crtbegin.o
 .ARM.attributes
                0x0000000000000052       0x34 ./Core/Src/main.o
 .ARM.attributes
                0x0000000000000086       0x34 ./Core/Src/stm32f4xx_hal_msp.o
 .ARM.attributes
                0x00000000000000ba       0x34 ./Core/Src/stm32f4xx_it.o
 .ARM.attributes
                0x00000000000000ee       0x34 ./Core/Src/system_stm32f4xx.o
 .ARM.attributes
                0x0000000000000122       0x21 ./Core/Startup/startup_stm32f411ceux.o
 .ARM.attributes
                0x0000000000000143       0x34 ./Drivers/STM32F4xx_HAL_Driver/Src/stm32f4xx_hal.o
 .ARM.attributes
                0x0000000000000177       0x34 ./Drivers/STM32F4xx_HAL_Driver/Src/stm32f4xx_hal_cortex.o
 .ARM.attributes
                0x00000000000001ab       0x34 ./Drivers/STM32F4xx_HAL_Driver/Src/stm32f4xx_hal_gpio.o
 .ARM.attributes
                0x00000000000001df       0x34 ./Drivers/STM32F4xx_HAL_Driver/Src/stm32f4xx_hal_i2c.o
 .ARM.attributes
                0x0000000000000213       0x34 ./Drivers/STM32F4xx_HAL_Driver/Src/stm32f4xx_hal_rcc.o
 .ARM.attributes
                0x0000000000000247       0x34 ./Drivers/STM32F4xx_HAL_Driver/Src/stm32f4xx_hal_spi.o
 .ARM.attributes
                0x000000000000027b       0x34 ./User_modules/ATH10/I2C_ATH10.o
 .ARM.attributes
                0x00000000000002af       0x34 ./User_modules/CRC7/crc7_soft.o
 .ARM.attributes
                0x00000000000002e3       0x34 ./User_modules/Files_manager/Files_mng.o
 .ARM.attributes
                0x0000000000000317       0x34 ./User_modules/I2C_conf_base/I2C_base.o
 .ARM.attributes
                0x000000000000034b       0x34 ./User_modules/Imag_arr_save/Save_Img.o
 .ARM.attributes
                0x000000000000037f       0x34 ./User_modules/SD_Base_SPI/SD_Base_SPI.o
 .ARM.attributes
                0x00000000000003b3       0x34 ./User_modules/SPI_BASE/SPI_BASE.o
 .ARM.attributes
                0x00000000000003e7       0x34 ./User_modules/SSD1306_lcd/I2C_LCD.o
 .ARM.attributes
                0x000000000000041b       0x34 ./User_modules/ST7789V2_LCD/LCD_ST7.o
 .ARM.attributes
                0x000000000000044f       0x34 ./User_modules/fonts_use/font_lcd.o
 .ARM.attributes
                0x0000000000000483       0x34 ./User_modules/run_time/Roun_time.o
 .ARM.attributes
                0x00000000000004b7       0x34 ./User_modules/util_funct/util.o
 .ARM.attributes
                0x00000000000004eb       0x34 c:/st/stm32cubeide_1.6.1/stm32cubeide/plugins/com.st.stm32cube.ide.mcu.externaltools.gnu-tools-for-stm32.10.3-2021.10.win32_1.0.200.202301161003/tools/bin/../lib/gcc/arm-none-eabi/10.3.1/../../../../arm-none-eabi/lib/thumb/v7e-m+fp/hard\libc_nano.a(lib_a-init.o)
 .ARM.attributes
                0x000000000000051f       0x34 c:/st/stm32cubeide_1.6.1/stm32cubeide/plugins/com.st.stm32cube.ide.mcu.externaltools.gnu-tools-for-stm32.10.3-2021.10.win32_1.0.200.202301161003/tools/bin/../lib/gcc/arm-none-eabi/10.3.1/../../../../arm-none-eabi/lib/thumb/v7e-m+fp/hard\libc_nano.a(lib_a-memset.o)
 .ARM.attributes
                0x0000000000000553       0x1e c:/st/stm32cubeide_1.6.1/stm32cubeide/plugins/com.st.stm32cube.ide.mcu.externaltools.gnu-tools-for-stm32.10.3-2021.10.win32_1.0.200.202301161003/tools/bin/../lib/gcc/arm-none-eabi/10.3.1/thumb/v7e-m+fp/hard\libgcc.a(_arm_addsubdf3.o)
 .ARM.attributes
                0x0000000000000571       0x1e c:/st/stm32cubeide_1.6.1/stm32cubeide/plugins/com.st.stm32cube.ide.mcu.externaltools.gnu-tools-for-stm32.10.3-2021.10.win32_1.0.200.202301161003/tools/bin/../lib/gcc/arm-none-eabi/10.3.1/thumb/v7e-m+fp/hard\libgcc.a(_arm_muldivdf3.o)
 .ARM.attributes
                0x000000000000058f       0x1e c:/st/stm32cubeide_1.6.1/stm32cubeide/plugins/com.st.stm32cube.ide.mcu.externaltools.gnu-tools-for-stm32.10.3-2021.10.win32_1.0.200.202301161003/tools/bin/../lib/gcc/arm-none-eabi/10.3.1/thumb/v7e-m+fp/hard\libgcc.a(_arm_truncdfsf2.o)
 .ARM.attributes
                0x00000000000005ad       0x1e c:/st/stm32cubeide_1.6.1/stm32cubeide/plugins/com.st.stm32cube.ide.mcu.externaltools.gnu-tools-for-stm32.10.3-2021.10.win32_1.0.200.202301161003/tools/bin/../lib/gcc/arm-none-eabi/10.3.1/thumb/v7e-m+fp/hard\libgcc.a(_aeabi_uldivmod.o)
 .ARM.attributes
                0x00000000000005cb       0x34 c:/st/stm32cubeide_1.6.1/stm32cubeide/plugins/com.st.stm32cube.ide.mcu.externaltools.gnu-tools-for-stm32.10.3-2021.10.win32_1.0.200.202301161003/tools/bin/../lib/gcc/arm-none-eabi/10.3.1/thumb/v7e-m+fp/hard\libgcc.a(_udivmoddi4.o)
 .ARM.attributes
                0x00000000000005ff       0x1e c:/st/stm32cubeide_1.6.1/stm32cubeide/plugins/com.st.stm32cube.ide.mcu.externaltools.gnu-tools-for-stm32.10.3-2021.10.win32_1.0.200.202301161003/tools/bin/../lib/gcc/arm-none-eabi/10.3.1/thumb/v7e-m+fp/hard\libgcc.a(_dvmd_tls.o)
 .ARM.attributes
                0x000000000000061d       0x1e c:/st/stm32cubeide_1.6.1/stm32cubeide/plugins/com.st.stm32cube.ide.mcu.externaltools.gnu-tools-for-stm32.10.3-2021.10.win32_1.0.200.202301161003/tools/bin/../lib/gcc/arm-none-eabi/10.3.1/thumb/v7e-m+fp/hard/crtn.o
OUTPUT(Black_pell.elf elf32-littlearm)
LOAD linker stubs
LOAD c:/st/stm32cubeide_1.6.1/stm32cubeide/plugins/com.st.stm32cube.ide.mcu.externaltools.gnu-tools-for-stm32.10.3-2021.10.win32_1.0.200.202301161003/tools/bin/../lib/gcc/arm-none-eabi/10.3.1/../../../../arm-none-eabi/lib/thumb/v7e-m+fp/hard\libc.a
LOAD c:/st/stm32cubeide_1.6.1/stm32cubeide/plugins/com.st.stm32cube.ide.mcu.externaltools.gnu-tools-for-stm32.10.3-2021.10.win32_1.0.200.202301161003/tools/bin/../lib/gcc/arm-none-eabi/10.3.1/../../../../arm-none-eabi/lib/thumb/v7e-m+fp/hard\libm.a
LOAD c:/st/stm32cubeide_1.6.1/stm32cubeide/plugins/com.st.stm32cube.ide.mcu.externaltools.gnu-tools-for-stm32.10.3-2021.10.win32_1.0.200.202301161003/tools/bin/../lib/gcc/arm-none-eabi/10.3.1/thumb/v7e-m+fp/hard\libgcc.a

.debug_info     0x0000000000000000     0xdd85
 .debug_info    0x0000000000000000     0x14f2 ./Core/Src/main.o
 .debug_info    0x00000000000014f2      0xd5f ./Core/Src/stm32f4xx_hal_msp.o
 .debug_info    0x0000000000002251      0x187 ./Core/Src/stm32f4xx_it.o
 .debug_info    0x00000000000023d8      0x54f ./Core/Src/system_stm32f4xx.o
 .debug_info    0x0000000000002927       0x22 ./Core/Startup/startup_stm32f411ceux.o
 .debug_info    0x0000000000002949      0x90d ./Drivers/STM32F4xx_HAL_Driver/Src/stm32f4xx_hal.o
 .debug_info    0x0000000000003256      0xd8b ./Drivers/STM32F4xx_HAL_Driver/Src/stm32f4xx_hal_cortex.o
 .debug_info    0x0000000000003fe1      0x78e ./Drivers/STM32F4xx_HAL_Driver/Src/stm32f4xx_hal_gpio.o
 .debug_info    0x000000000000476f     0x260f ./Drivers/STM32F4xx_HAL_Driver/Src/stm32f4xx_hal_i2c.o
 .debug_info    0x0000000000006d7e      0x98d ./Drivers/STM32F4xx_HAL_Driver/Src/stm32f4xx_hal_rcc.o
 .debug_info    0x000000000000770b     0x1750 ./Drivers/STM32F4xx_HAL_Driver/Src/stm32f4xx_hal_spi.o
 .debug_info    0x0000000000008e5b      0x831 ./User_modules/ATH10/I2C_ATH10.o
 .debug_info    0x000000000000968c      0x4b1 ./User_modules/CRC7/crc7_soft.o
 .debug_info    0x0000000000009b3d      0x27e ./User_modules/Files_manager/Files_mng.o
 .debug_info    0x0000000000009dbb      0x692 ./User_modules/I2C_conf_base/I2C_base.o
 .debug_info    0x000000000000a44d      0x1d3 ./User_modules/Imag_arr_save/Save_Img.o
 .debug_info    0x000000000000a620     0x1446 ./User_modules/SD_Base_SPI/SD_Base_SPI.o
 .debug_info    0x000000000000ba66      0x8d3 ./User_modules/SPI_BASE/SPI_BASE.o
 .debug_info    0x000000000000c339      0xc75 ./User_modules/SSD1306_lcd/I2C_LCD.o
 .debug_info    0x000000000000cfae      0x853 ./User_modules/ST7789V2_LCD/LCD_ST7.o
 .debug_info    0x000000000000d801      0x3cd ./User_modules/fonts_use/font_lcd.o
 .debug_info    0x000000000000dbce       0xd5 ./User_modules/run_time/Roun_time.o
 .debug_info    0x000000000000dca3       0xe2 ./User_modules/util_funct/util.o

.debug_abbrev   0x0000000000000000     0x274e
 .debug_abbrev  0x0000000000000000      0x2f9 ./Core/Src/main.o
 .debug_abbrev  0x00000000000002f9      0x194 ./Core/Src/stm32f4xx_hal_msp.o
 .debug_abbrev  0x000000000000048d       0x9f ./Core/Src/stm32f4xx_it.o
 .debug_abbrev  0x000000000000052c      0x116 ./Core/Src/system_stm32f4xx.o
 .debug_abbrev  0x0000000000000642       0x12 ./Core/Startup/startup_stm32f411ceux.o
 .debug_abbrev  0x0000000000000654      0x23e ./Drivers/STM32F4xx_HAL_Driver/Src/stm32f4xx_hal.o
 .debug_abbrev  0x0000000000000892      0x316 ./Drivers/STM32F4xx_HAL_Driver/Src/stm32f4xx_hal_cortex.o
 .debug_abbrev  0x0000000000000ba8      0x1c4 ./Drivers/STM32F4xx_HAL_Driver/Src/stm32f4xx_hal_gpio.o
 .debug_abbrev  0x0000000000000d6c      0x2a8 ./Drivers/STM32F4xx_HAL_Driver/Src/stm32f4xx_hal_i2c.o
 .debug_abbrev  0x0000000000001014      0x2aa ./Drivers/STM32F4xx_HAL_Driver/Src/stm32f4xx_hal_rcc.o
 .debug_abbrev  0x00000000000012be      0x26e ./Drivers/STM32F4xx_HAL_Driver/Src/stm32f4xx_hal_spi.o
 .debug_abbrev  0x000000000000152c      0x1f7 ./User_modules/ATH10/I2C_ATH10.o
 .debug_abbrev  0x0000000000001723      0x130 ./User_modules/CRC7/crc7_soft.o
 .debug_abbrev  0x0000000000001853       0xd3 ./User_modules/Files_manager/Files_mng.o
 .debug_abbrev  0x0000000000001926      0x156 ./User_modules/I2C_conf_base/I2C_base.o
 .debug_abbrev  0x0000000000001a7c       0xd3 ./User_modules/Imag_arr_save/Save_Img.o
 .debug_abbrev  0x0000000000001b4f      0x311 ./User_modules/SD_Base_SPI/SD_Base_SPI.o
 .debug_abbrev  0x0000000000001e60      0x1d5 ./User_modules/SPI_BASE/SPI_BASE.o
 .debug_abbrev  0x0000000000002035      0x2d2 ./User_modules/SSD1306_lcd/I2C_LCD.o
 .debug_abbrev  0x0000000000002307      0x27b ./User_modules/ST7789V2_LCD/LCD_ST7.o
 .debug_abbrev  0x0000000000002582       0xc6 ./User_modules/fonts_use/font_lcd.o
 .debug_abbrev  0x0000000000002648       0x83 ./User_modules/run_time/Roun_time.o
 .debug_abbrev  0x00000000000026cb       0x83 ./User_modules/util_funct/util.o

.debug_aranges  0x0000000000000000      0xc90
 .debug_aranges
                0x0000000000000000       0x68 ./Core/Src/main.o
 .debug_aranges
                0x0000000000000068       0x40 ./Core/Src/stm32f4xx_hal_msp.o
 .debug_aranges
                0x00000000000000a8       0x68 ./Core/Src/stm32f4xx_it.o
 .debug_aranges
                0x0000000000000110       0x28 ./Core/Src/system_stm32f4xx.o
 .debug_aranges
                0x0000000000000138       0x28 ./Core/Startup/startup_stm32f411ceux.o
 .debug_aranges
                0x0000000000000160       0xf0 ./Drivers/STM32F4xx_HAL_Driver/Src/stm32f4xx_hal.o
 .debug_aranges
                0x0000000000000250      0x118 ./Drivers/STM32F4xx_HAL_Driver/Src/stm32f4xx_hal_cortex.o
 .debug_aranges
                0x0000000000000368       0x58 ./Drivers/STM32F4xx_HAL_Driver/Src/stm32f4xx_hal_gpio.o
 .debug_aranges
                0x00000000000003c0      0x2a0 ./Drivers/STM32F4xx_HAL_Driver/Src/stm32f4xx_hal_i2c.o
 .debug_aranges
                0x0000000000000660       0x88 ./Drivers/STM32F4xx_HAL_Driver/Src/stm32f4xx_hal_rcc.o
 .debug_aranges
                0x00000000000006e8      0x1d0 ./Drivers/STM32F4xx_HAL_Driver/Src/stm32f4xx_hal_spi.o
 .debug_aranges
                0x00000000000008b8       0x30 ./User_modules/ATH10/I2C_ATH10.o
 .debug_aranges
                0x00000000000008e8       0x60 ./User_modules/CRC7/crc7_soft.o
 .debug_aranges
                0x0000000000000948       0x28 ./User_modules/Files_manager/Files_mng.o
 .debug_aranges
                0x0000000000000970       0x20 ./User_modules/I2C_conf_base/I2C_base.o
 .debug_aranges
                0x0000000000000990       0x28 ./User_modules/Imag_arr_save/Save_Img.o
 .debug_aranges
                0x00000000000009b8       0xc0 ./User_modules/SD_Base_SPI/SD_Base_SPI.o
 .debug_aranges
                0x0000000000000a78       0x58 ./User_modules/SPI_BASE/SPI_BASE.o
 .debug_aranges
                0x0000000000000ad0       0xa8 ./User_modules/SSD1306_lcd/I2C_LCD.o
 .debug_aranges
                0x0000000000000b78       0xa0 ./User_modules/ST7789V2_LCD/LCD_ST7.o
 .debug_aranges
                0x0000000000000c18       0x38 ./User_modules/fonts_use/font_lcd.o
 .debug_aranges
                0x0000000000000c50       0x20 ./User_modules/run_time/Roun_time.o
 .debug_aranges
                0x0000000000000c70       0x20 ./User_modules/util_funct/util.o

.debug_ranges   0x0000000000000000      0xb40
 .debug_ranges  0x0000000000000000       0x58 ./Core/Src/main.o
 .debug_ranges  0x0000000000000058       0x30 ./Core/Src/stm32f4xx_hal_msp.o
 .debug_ranges  0x0000000000000088       0x58 ./Core/Src/stm32f4xx_it.o
 .debug_ranges  0x00000000000000e0       0x18 ./Core/Src/system_stm32f4xx.o
 .debug_ranges  0x00000000000000f8       0x20 ./Core/Startup/startup_stm32f411ceux.o
 .debug_ranges  0x0000000000000118       0xe0 ./Drivers/STM32F4xx_HAL_Driver/Src/stm32f4xx_hal.o
 .debug_ranges  0x00000000000001f8      0x108 ./Drivers/STM32F4xx_HAL_Driver/Src/stm32f4xx_hal_cortex.o
 .debug_ranges  0x0000000000000300       0x48 ./Drivers/STM32F4xx_HAL_Driver/Src/stm32f4xx_hal_gpio.o
 .debug_ranges  0x0000000000000348      0x2a8 ./Drivers/STM32F4xx_HAL_Driver/Src/stm32f4xx_hal_i2c.o
 .debug_ranges  0x00000000000005f0       0x78 ./Drivers/STM32F4xx_HAL_Driver/Src/stm32f4xx_hal_rcc.o
 .debug_ranges  0x0000000000000668      0x1c0 ./Drivers/STM32F4xx_HAL_Driver/Src/stm32f4xx_hal_spi.o
 .debug_ranges  0x0000000000000828       0x20 ./User_modules/ATH10/I2C_ATH10.o
 .debug_ranges  0x0000000000000848       0x50 ./User_modules/CRC7/crc7_soft.o
 .debug_ranges  0x0000000000000898       0x18 ./User_modules/Files_manager/Files_mng.o
 .debug_ranges  0x00000000000008b0       0x10 ./User_modules/I2C_conf_base/I2C_base.o
 .debug_ranges  0x00000000000008c0       0x18 ./User_modules/Imag_arr_save/Save_Img.o
 .debug_ranges  0x00000000000008d8       0xb0 ./User_modules/SD_Base_SPI/SD_Base_SPI.o
 .debug_ranges  0x0000000000000988       0x48 ./User_modules/SPI_BASE/SPI_BASE.o
 .debug_ranges  0x00000000000009d0       0x98 ./User_modules/SSD1306_lcd/I2C_LCD.o
 .debug_ranges  0x0000000000000a68       0x90 ./User_modules/ST7789V2_LCD/LCD_ST7.o
 .debug_ranges  0x0000000000000af8       0x28 ./User_modules/fonts_use/font_lcd.o
 .debug_ranges  0x0000000000000b20       0x10 ./User_modules/run_time/Roun_time.o
 .debug_ranges  0x0000000000000b30       0x10 ./User_modules/util_funct/util.o

.debug_macro    0x0000000000000000    0x17a12
 .debug_macro   0x0000000000000000      0x39c ./Core/Src/main.o
 .debug_macro   0x000000000000039c      0xa78 ./Core/Src/main.o
 .debug_macro   0x0000000000000e14      0x29b ./Core/Src/main.o
 .debug_macro   0x00000000000010af       0x2e ./Core/Src/main.o
 .debug_macro   0x00000000000010dd       0x28 ./Core/Src/main.o
 .debug_macro   0x0000000000001105       0x22 ./Core/Src/main.o
 .debug_macro   0x0000000000001127       0x8e ./Core/Src/main.o
 .debug_macro   0x00000000000011b5       0x51 ./Core/Src/main.o
 .debug_macro   0x0000000000001206      0x103 ./Core/Src/main.o
 .debug_macro   0x0000000000001309       0x6a ./Core/Src/main.o
 .debug_macro   0x0000000000001373      0x1df ./Core/Src/main.o
 .debug_macro   0x0000000000001552       0x1c ./Core/Src/main.o
 .debug_macro   0x000000000000156e       0x22 ./Core/Src/main.o
 .debug_macro   0x0000000000001590       0xd9 ./Core/Src/main.o
 .debug_macro   0x0000000000001669     0x102d ./Core/Src/main.o
 .debug_macro   0x0000000000002696      0x11f ./Core/Src/main.o
 .debug_macro   0x00000000000027b5     0xb953 ./Core/Src/main.o
 .debug_macro   0x000000000000e108       0x6d ./Core/Src/main.o
 .debug_macro   0x000000000000e175     0x367e ./Core/Src/main.o
 .debug_macro   0x00000000000117f3      0x174 ./Core/Src/main.o
 .debug_macro   0x0000000000011967       0x5c ./Core/Src/main.o
 .debug_macro   0x00000000000119c3      0x447 ./Core/Src/main.o
 .debug_macro   0x0000000000011e0a      0x9fe ./Core/Src/main.o
 .debug_macro   0x0000000000012808      0x115 ./Core/Src/main.o
 .debug_macro   0x000000000001291d      0x11b ./Core/Src/main.o
 .debug_macro   0x0000000000012a38       0xa5 ./Core/Src/main.o
 .debug_macro   0x0000000000012add      0x15f ./Core/Src/main.o
 .debug_macro   0x0000000000012c3c      0x287 ./Core/Src/main.o
 .debug_macro   0x0000000000012ec3       0x5f ./Core/Src/main.o
 .debug_macro   0x0000000000012f22      0x236 ./Core/Src/main.o
 .debug_macro   0x0000000000013158      0x132 ./Core/Src/main.o
 .debug_macro   0x000000000001328a      0x264 ./Core/Src/main.o
 .debug_macro   0x00000000000134ee       0x2e ./Core/Src/main.o
 .debug_macro   0x000000000001351c      0x1b5 ./Core/Src/main.o
 .debug_macro   0x00000000000136d1       0x22 ./Core/Src/main.o
 .debug_macro   0x00000000000136f3       0xd6 ./Core/Src/main.o
 .debug_macro   0x00000000000137c9      0x11a ./Core/Src/main.o
 .debug_macro   0x00000000000138e3       0x85 ./Core/Src/main.o
 .debug_macro   0x0000000000013968       0x89 ./Core/Src/main.o
 .debug_macro   0x00000000000139f1      0x225 ./Core/Src/main.o
 .debug_macro   0x0000000000013c16      0x126 ./Core/Src/main.o
 .debug_macro   0x0000000000013d3c       0x52 ./Core/Src/main.o
 .debug_macro   0x0000000000013d8e       0x16 ./Core/Src/main.o
 .debug_macro   0x0000000000013da4       0x52 ./Core/Src/main.o
 .debug_macro   0x0000000000013df6       0x1e ./Core/Src/main.o
 .debug_macro   0x0000000000013e14       0x3c ./Core/Src/main.o
 .debug_macro   0x0000000000013e50       0x34 ./Core/Src/main.o
 .debug_macro   0x0000000000013e84       0x16 ./Core/Src/main.o
 .debug_macro   0x0000000000013e9a       0x35 ./Core/Src/main.o
 .debug_macro   0x0000000000013ecf      0x341 ./Core/Src/main.o
 .debug_macro   0x0000000000014210       0x10 ./Core/Src/main.o
 .debug_macro   0x0000000000014220       0x16 ./Core/Src/main.o
 .debug_macro   0x0000000000014236       0x43 ./Core/Src/main.o
 .debug_macro   0x0000000000014279       0x34 ./Core/Src/main.o
 .debug_macro   0x00000000000142ad       0x10 ./Core/Src/main.o
 .debug_macro   0x00000000000142bd       0x58 ./Core/Src/main.o
 .debug_macro   0x0000000000014315       0x71 ./Core/Src/main.o
 .debug_macro   0x0000000000014386       0x1c ./Core/Src/main.o
 .debug_macro   0x00000000000143a2      0x12a ./Core/Src/main.o
 .debug_macro   0x00000000000144cc       0x10 ./Core/Src/main.o
 .debug_macro   0x00000000000144dc       0x1c ./Core/Src/main.o
 .debug_macro   0x00000000000144f8       0x52 ./Core/Src/main.o
 .debug_macro   0x000000000001454a       0x22 ./Core/Src/main.o
 .debug_macro   0x000000000001456c       0x10 ./Core/Src/main.o
 .debug_macro   0x000000000001457c       0x52 ./Core/Src/main.o
 .debug_macro   0x00000000000145ce       0xd5 ./Core/Src/main.o
 .debug_macro   0x00000000000146a3       0x1c ./Core/Src/main.o
 .debug_macro   0x00000000000146bf       0x3d ./Core/Src/main.o
 .debug_macro   0x00000000000146fc       0x16 ./Core/Src/main.o
 .debug_macro   0x0000000000014712      0x145 ./Core/Src/main.o
 .debug_macro   0x0000000000014857       0x34 ./Core/Src/main.o
 .debug_macro   0x000000000001488b       0x22 ./Core/Src/main.o
 .debug_macro   0x00000000000148ad       0x28 ./Core/Src/main.o
 .debug_macro   0x00000000000148d5       0x28 ./Core/Src/main.o
 .debug_macro   0x00000000000148fd      0x1e2 ./Core/Src/stm32f4xx_hal_msp.o
 .debug_macro   0x0000000000014adf      0x1ec ./Core/Src/stm32f4xx_it.o
 .debug_macro   0x0000000000014ccb      0x1d3 ./Core/Src/system_stm32f4xx.o
 .debug_macro   0x0000000000014e9e      0x233 ./Drivers/STM32F4xx_HAL_Driver/Src/stm32f4xx_hal.o
 .debug_macro   0x00000000000150d1      0x1d3 ./Drivers/STM32F4xx_HAL_Driver/Src/stm32f4xx_hal_cortex.o
 .debug_macro   0x00000000000152a4      0x1d9 ./Drivers/STM32F4xx_HAL_Driver/Src/stm32f4xx_hal_gpio.o
 .debug_macro   0x000000000001547d      0x21a ./Drivers/STM32F4xx_HAL_Driver/Src/stm32f4xx_hal_i2c.o
 .debug_macro   0x0000000000015697      0x1f7 ./Drivers/STM32F4xx_HAL_Driver/Src/stm32f4xx_hal_rcc.o
 .debug_macro   0x000000000001588e      0x1e2 ./Drivers/STM32F4xx_HAL_Driver/Src/stm32f4xx_hal_spi.o
 .debug_macro   0x0000000000015a70      0x34a ./User_modules/ATH10/I2C_ATH10.o
 .debug_macro   0x0000000000015dba       0x97 ./User_modules/ATH10/I2C_ATH10.o
 .debug_macro   0x0000000000015e51       0xfd ./User_modules/ATH10/I2C_ATH10.o
 .debug_macro   0x0000000000015f4e       0x56 ./User_modules/ATH10/I2C_ATH10.o
 .debug_macro   0x0000000000015fa4       0x10 ./User_modules/ATH10/I2C_ATH10.o
 .debug_macro   0x0000000000015fb4      0x222 ./User_modules/CRC7/crc7_soft.o
 .debug_macro   0x00000000000161d6      0x206 ./User_modules/Files_manager/Files_mng.o
 .debug_macro   0x00000000000163dc      0x1e2 ./User_modules/I2C_conf_base/I2C_base.o
 .debug_macro   0x00000000000165be      0x1ec ./User_modules/Imag_arr_save/Save_Img.o
 .debug_macro   0x00000000000167aa       0x22 ./User_modules/Imag_arr_save/Save_Img.o
 .debug_macro   0x00000000000167cc      0x4aa ./User_modules/SD_Base_SPI/SD_Base_SPI.o
 .debug_macro   0x0000000000016c76      0x1e2 ./User_modules/SPI_BASE/SPI_BASE.o
 .debug_macro   0x0000000000016e58       0x58 ./User_modules/SPI_BASE/SPI_BASE.o
 .debug_macro   0x0000000000016eb0      0x368 ./User_modules/SSD1306_lcd/I2C_LCD.o
 .debug_macro   0x0000000000017218       0x22 ./User_modules/SSD1306_lcd/I2C_LCD.o
 .debug_macro   0x000000000001723a      0x1f9 ./User_modules/ST7789V2_LCD/LCD_ST7.o
 .debug_macro   0x0000000000017433      0x1e2 ./User_modules/fonts_use/font_lcd.o
 .debug_macro   0x0000000000017615       0x1c ./User_modules/fonts_use/font_lcd.o
 .debug_macro   0x0000000000017631      0x1f5 ./User_modules/run_time/Roun_time.o
 .debug_macro   0x0000000000017826      0x1ec ./User_modules/util_funct/util.o

.debug_line     0x0000000000000000    0x11a15
 .debug_line    0x0000000000000000      0xef5 ./Core/Src/main.o
 .debug_line    0x0000000000000ef5      0x7ac ./Core/Src/stm32f4xx_hal_msp.o
 .debug_line    0x00000000000016a1      0x79c ./Core/Src/stm32f4xx_it.o
 .debug_line    0x0000000000001e3d      0x740 ./Core/Src/system_stm32f4xx.o
 .debug_line    0x000000000000257d       0x88 ./Core/Startup/startup_stm32f411ceux.o
 .debug_line    0x0000000000002605      0x9a6 ./Drivers/STM32F4xx_HAL_Driver/Src/stm32f4xx_hal.o
 .debug_line    0x0000000000002fab      0xc55 ./Drivers/STM32F4xx_HAL_Driver/Src/stm32f4xx_hal_cortex.o
 .debug_line    0x0000000000003c00      0xade ./Drivers/STM32F4xx_HAL_Driver/Src/stm32f4xx_hal_gpio.o
 .debug_line    0x00000000000046de     0x395b ./Drivers/STM32F4xx_HAL_Driver/Src/stm32f4xx_hal_i2c.o
 .debug_line    0x0000000000008039      0xd20 ./Drivers/STM32F4xx_HAL_Driver/Src/stm32f4xx_hal_rcc.o
 .debug_line    0x0000000000008d59     0x1c30 ./Drivers/STM32F4xx_HAL_Driver/Src/stm32f4xx_hal_spi.o
 .debug_line    0x000000000000a989      0x9ac ./User_modules/ATH10/I2C_ATH10.o
 .debug_line    0x000000000000b335      0x9c6 ./User_modules/CRC7/crc7_soft.o
 .debug_line    0x000000000000bcfb      0x812 ./User_modules/Files_manager/Files_mng.o
 .debug_line    0x000000000000c50d      0x6f1 ./User_modules/I2C_conf_base/I2C_base.o
 .debug_line    0x000000000000cbfe      0x759 ./User_modules/Imag_arr_save/Save_Img.o
 .debug_line    0x000000000000d357      0xf78 ./User_modules/SD_Base_SPI/SD_Base_SPI.o
 .debug_line    0x000000000000e2cf      0x7d7 ./User_modules/SPI_BASE/SPI_BASE.o
 .debug_line    0x000000000000eaa6      0xe1e ./User_modules/SSD1306_lcd/I2C_LCD.o
 .debug_line    0x000000000000f8c4      0xaf1 ./User_modules/ST7789V2_LCD/LCD_ST7.o
 .debug_line    0x00000000000103b5      0x7ed ./User_modules/fonts_use/font_lcd.o
 .debug_line    0x0000000000010ba2      0x786 ./User_modules/run_time/Roun_time.o
 .debug_line    0x0000000000011328      0x6ed ./User_modules/util_funct/util.o

.debug_str      0x0000000000000000    0x893c6
 .debug_str     0x0000000000000000    0x859d9 ./Core/Src/main.o
                                      0x85d1e (size before relaxing)
 .debug_str     0x00000000000859d9       0x8a ./Core/Src/stm32f4xx_hal_msp.o
                                      0x81403 (size before relaxing)
 .debug_str     0x0000000000085a63       0xf3 ./Core/Src/stm32f4xx_it.o
                                      0x80c42 (size before relaxing)
 .debug_str     0x0000000000085b56       0xdb ./Core/Src/system_stm32f4xx.o
                                      0x80bfb (size before relaxing)
 .debug_str     0x0000000000085c31       0x36 ./Core/Startup/startup_stm32f411ceux.o
                                         0x8b (size before relaxing)
 .debug_str     0x0000000000085c67      0x603 ./Drivers/STM32F4xx_HAL_Driver/Src/stm32f4xx_hal.o
                                      0x81627 (size before relaxing)
 .debug_str     0x000000000008626a      0x341 ./Drivers/STM32F4xx_HAL_Driver/Src/stm32f4xx_hal_cortex.o
                                      0x81348 (size before relaxing)
 .debug_str     0x00000000000865ab       0xf0 ./Drivers/STM32F4xx_HAL_Driver/Src/stm32f4xx_hal_gpio.o
                                      0x80d76 (size before relaxing)
 .debug_str     0x000000000008669b      0xb09 ./Drivers/STM32F4xx_HAL_Driver/Src/stm32f4xx_hal_i2c.o
                                      0x81bb9 (size before relaxing)
 .debug_str     0x00000000000871a4      0x213 ./Drivers/STM32F4xx_HAL_Driver/Src/stm32f4xx_hal_rcc.o
                                      0x8102f (size before relaxing)
 .debug_str     0x00000000000873b7      0x560 ./Drivers/STM32F4xx_HAL_Driver/Src/stm32f4xx_hal_spi.o
                                      0x814ad (size before relaxing)
 .debug_str     0x0000000000087917       0x89 ./User_modules/ATH10/I2C_ATH10.o
                                      0x84ecf (size before relaxing)
 .debug_str     0x00000000000879a0      0x2fc ./User_modules/CRC7/crc7_soft.o
                                      0x80e8d (size before relaxing)
 .debug_str     0x0000000000087c9c      0x13c ./User_modules/Files_manager/Files_mng.o
                                      0x80cc9 (size before relaxing)
 .debug_str     0x0000000000087dd8       0x34 ./User_modules/I2C_conf_base/I2C_base.o
                                      0x80fe9 (size before relaxing)
 .debug_str     0x0000000000087e0c       0xcb ./User_modules/Imag_arr_save/Save_Img.o
                                      0x80b73 (size before relaxing)
 .debug_str     0x0000000000087ed7      0xe88 ./User_modules/SD_Base_SPI/SD_Base_SPI.o
                                      0x8207c (size before relaxing)
 .debug_str     0x0000000000088d5f       0xd6 ./User_modules/SPI_BASE/SPI_BASE.o
                                      0x81146 (size before relaxing)
 .debug_str     0x0000000000088e35      0x227 ./User_modules/SSD1306_lcd/I2C_LCD.o
                                      0x851ab (size before relaxing)
 .debug_str     0x000000000008905c      0x197 ./User_modules/ST7789V2_LCD/LCD_ST7.o
                                      0x80f76 (size before relaxing)
 .debug_str     0x00000000000891f3      0x176 ./User_modules/fonts_use/font_lcd.o
                                      0x80c40 (size before relaxing)
 .debug_str     0x0000000000089369       0x2b ./User_modules/run_time/Roun_time.o
                                      0x80c18 (size before relaxing)
 .debug_str     0x0000000000089394       0x32 ./User_modules/util_funct/util.o
                                      0x80b92 (size before relaxing)

.comment        0x0000000000000000       0x50
 .comment       0x0000000000000000       0x50 ./Core/Src/main.o
                                         0x51 (size before relaxing)
 .comment       0x0000000000000050       0x51 ./Core/Src/stm32f4xx_hal_msp.o
 .comment       0x0000000000000050       0x51 ./Core/Src/stm32f4xx_it.o
 .comment       0x0000000000000050       0x51 ./Core/Src/system_stm32f4xx.o
 .comment       0x0000000000000050       0x51 ./Drivers/STM32F4xx_HAL_Driver/Src/stm32f4xx_hal.o
 .comment       0x0000000000000050       0x51 ./Drivers/STM32F4xx_HAL_Driver/Src/stm32f4xx_hal_cortex.o
 .comment       0x0000000000000050       0x51 ./Drivers/STM32F4xx_HAL_Driver/Src/stm32f4xx_hal_gpio.o
 .comment       0x0000000000000050       0x51 ./Drivers/STM32F4xx_HAL_Driver/Src/stm32f4xx_hal_i2c.o
 .comment       0x0000000000000050       0x51 ./Drivers/STM32F4xx_HAL_Driver/Src/stm32f4xx_hal_rcc.o
 .comment       0x0000000000000050       0x51 ./Drivers/STM32F4xx_HAL_Driver/Src/stm32f4xx_hal_spi.o
 .comment       0x0000000000000050       0x51 ./User_modules/ATH10/I2C_ATH10.o
 .comment       0x0000000000000050       0x51 ./User_modules/CRC7/crc7_soft.o
 .comment       0x0000000000000050       0x51 ./User_modules/Files_manager/Files_mng.o
 .comment       0x0000000000000050       0x51 ./User_modules/I2C_conf_base/I2C_base.o
 .comment       0x0000000000000050       0x51 ./User_modules/Imag_arr_save/Save_Img.o
 .comment       0x0000000000000050       0x51 ./User_modules/SD_Base_SPI/SD_Base_SPI.o
 .comment       0x0000000000000050       0x51 ./User_modules/SPI_BASE/SPI_BASE.o
 .comment       0x0000000000000050       0x51 ./User_modules/SSD1306_lcd/I2C_LCD.o
 .comment       0x0000000000000050       0x51 ./User_modules/ST7789V2_LCD/LCD_ST7.o
 .comment       0x0000000000000050       0x51 ./User_modules/fonts_use/font_lcd.o
 .comment       0x0000000000000050       0x51 ./User_modules/run_time/Roun_time.o
 .comment       0x0000000000000050       0x51 ./User_modules/util_funct/util.o

.debug_frame    0x0000000000000000     0x3234
 .debug_frame   0x0000000000000000      0x154 ./Core/Src/main.o
 .debug_frame   0x0000000000000154       0xc8 ./Core/Src/stm32f4xx_hal_msp.o
 .debug_frame   0x000000000000021c      0x120 ./Core/Src/stm32f4xx_it.o
 .debug_frame   0x000000000000033c       0x58 ./Core/Src/system_stm32f4xx.o
 .debug_frame   0x0000000000000394      0x374 ./Drivers/STM32F4xx_HAL_Driver/Src/stm32f4xx_hal.o
 .debug_frame   0x0000000000000708      0x498 ./Drivers/STM32F4xx_HAL_Driver/Src/stm32f4xx_hal_cortex.o
 .debug_frame   0x0000000000000ba0      0x14c ./Drivers/STM32F4xx_HAL_Driver/Src/stm32f4xx_hal_gpio.o
 .debug_frame   0x0000000000000cec      0xc5c ./Drivers/STM32F4xx_HAL_Driver/Src/stm32f4xx_hal_i2c.o
 .debug_frame   0x0000000000001948      0x1f4 ./Drivers/STM32F4xx_HAL_Driver/Src/stm32f4xx_hal_rcc.o
 .debug_frame   0x0000000000001b3c      0x824 ./Drivers/STM32F4xx_HAL_Driver/Src/stm32f4xx_hal_spi.o
 .debug_frame   0x0000000000002360       0x7c ./User_modules/ATH10/I2C_ATH10.o
 .debug_frame   0x00000000000023dc      0x168 ./User_modules/CRC7/crc7_soft.o
 .debug_frame   0x0000000000002544       0x60 ./User_modules/Files_manager/Files_mng.o
 .debug_frame   0x00000000000025a4       0x34 ./User_modules/I2C_conf_base/I2C_base.o
 .debug_frame   0x00000000000025d8       0x60 ./User_modules/Imag_arr_save/Save_Img.o
 .debug_frame   0x0000000000002638      0x2f4 ./User_modules/SD_Base_SPI/SD_Base_SPI.o
 .debug_frame   0x000000000000292c      0x120 ./User_modules/SPI_BASE/SPI_BASE.o
 .debug_frame   0x0000000000002a4c      0x2a0 ./User_modules/SSD1306_lcd/I2C_LCD.o
 .debug_frame   0x0000000000002cec      0x260 ./User_modules/ST7789V2_LCD/LCD_ST7.o
 .debug_frame   0x0000000000002f4c       0xb0 ./User_modules/fonts_use/font_lcd.o
 .debug_frame   0x0000000000002ffc       0x34 ./User_modules/run_time/Roun_time.o
 .debug_frame   0x0000000000003030       0x38 ./User_modules/util_funct/util.o
 .debug_frame   0x0000000000003068       0x2c c:/st/stm32cubeide_1.6.1/stm32cubeide/plugins/com.st.stm32cube.ide.mcu.externaltools.gnu-tools-for-stm32.10.3-2021.10.win32_1.0.200.202301161003/tools/bin/../lib/gcc/arm-none-eabi/10.3.1/../../../../arm-none-eabi/lib/thumb/v7e-m+fp/hard\libc_nano.a(lib_a-init.o)
 .debug_frame   0x0000000000003094       0x20 c:/st/stm32cubeide_1.6.1/stm32cubeide/plugins/com.st.stm32cube.ide.mcu.externaltools.gnu-tools-for-stm32.10.3-2021.10.win32_1.0.200.202301161003/tools/bin/../lib/gcc/arm-none-eabi/10.3.1/../../../../arm-none-eabi/lib/thumb/v7e-m+fp/hard\libc_nano.a(lib_a-memset.o)
 .debug_frame   0x00000000000030b4       0xac c:/st/stm32cubeide_1.6.1/stm32cubeide/plugins/com.st.stm32cube.ide.mcu.externaltools.gnu-tools-for-stm32.10.3-2021.10.win32_1.0.200.202301161003/tools/bin/../lib/gcc/arm-none-eabi/10.3.1/thumb/v7e-m+fp/hard\libgcc.a(_arm_addsubdf3.o)
 .debug_frame   0x0000000000003160       0x50 c:/st/stm32cubeide_1.6.1/stm32cubeide/plugins/com.st.stm32cube.ide.mcu.externaltools.gnu-tools-for-stm32.10.3-2021.10.win32_1.0.200.202301161003/tools/bin/../lib/gcc/arm-none-eabi/10.3.1/thumb/v7e-m+fp/hard\libgcc.a(_arm_muldivdf3.o)
 .debug_frame   0x00000000000031b0       0x24 c:/st/stm32cubeide_1.6.1/stm32cubeide/plugins/com.st.stm32cube.ide.mcu.externaltools.gnu-tools-for-stm32.10.3-2021.10.win32_1.0.200.202301161003/tools/bin/../lib/gcc/arm-none-eabi/10.3.1/thumb/v7e-m+fp/hard\libgcc.a(_arm_truncdfsf2.o)
 .debug_frame   0x00000000000031d4       0x2c c:/st/stm32cubeide_1.6.1/stm32cubeide/plugins/com.st.stm32cube.ide.mcu.externaltools.gnu-tools-for-stm32.10.3-2021.10.win32_1.0.200.202301161003/tools/bin/../lib/gcc/arm-none-eabi/10.3.1/thumb/v7e-m+fp/hard\libgcc.a(_aeabi_uldivmod.o)
 .debug_frame   0x0000000000003200       0x34 c:/st/stm32cubeide_1.6.1/stm32cubeide/plugins/com.st.stm32cube.ide.mcu.externaltools.gnu-tools-for-stm32.10.3-2021.10.win32_1.0.200.202301161003/tools/bin/../lib/gcc/arm-none-eabi/10.3.1/thumb/v7e-m+fp/hard\libgcc.a(_udivmoddi4.o)
