../User_modules/SD_Base_SPI/SD_Base_SPI.c:409:13:Init_SD_SPI	8	static
../User_modules/SD_Base_SPI/SD_Base_SPI.c:417:13:Init_Resp	24	static
../User_modules/SD_Base_SPI/SD_Base_SPI.c:436:13:SPI_initial_block	16	static
../User_modules/SD_Base_SPI/SD_Base_SPI.c:447:13:Configure_SPI	8	static
../User_modules/SD_Base_SPI/SD_Base_SPI.c:467:13:Dummy_funct_SD	8	static
../User_modules/SD_Base_SPI/SD_Base_SPI.c:480:13:active_Spi_CS	8	static
../User_modules/SD_Base_SPI/SD_Base_SPI.c:485:13:deactive_Spi_CS	8	static
../User_modules/SD_Base_SPI/SD_Base_SPI.c:491:17:Fix_Data_CMD	24	static
../User_modules/SD_Base_SPI/SD_Base_SPI.c:503:16:SPI_SD_Initialaze	24	static
../User_modules/SD_Base_SPI/SD_Base_SPI.c:554:16:process_Send_CMD	32	static
../User_modules/SD_Base_SPI/SD_Base_SPI.c:603:16:process_Read_CMD	40	static
../User_modules/SD_Base_SPI/SD_Base_SPI.c:644:16:Proces_Resp_R1	24	static
../User_modules/SD_Base_SPI/SD_Base_SPI.c:657:16:Proces_Resp_R2	32	static
../User_modules/SD_Base_SPI/SD_Base_SPI.c:677:16:Proces_Resp_R3	24	static
../User_modules/SD_Base_SPI/SD_Base_SPI.c:691:16:Proces_Resp_R7	24	static
../User_modules/SD_Base_SPI/SD_Base_SPI.c:714:16:EnDis_Pull_up	24	static
../User_modules/SD_Base_SPI/SD_Base_SPI.c:732:16:Read_Block	48	static
../User_modules/SD_Base_SPI/SD_Base_SPI.c:785:16:Get_initial_block	16	static
../User_modules/SD_Base_SPI/SD_Base_SPI.c:807:16:Get_Block_Data	24	static
../User_modules/SD_Base_SPI/SD_Base_SPI.c:864:9:Select_File	32	static
../User_modules/SD_Base_SPI/SD_Base_SPI.c:955:9:Get_atributes_File	16	static
